--------------------------------------------------------------------------------------------------------------------------
      name:  <unnamed>
       log:  H:\ExtendedEssay\Twins\Log\20120301_TwinBirths.txt
  log type:  text
 opened on:  16 Apr 2012, 09:30:56

. use $Base\..\DHS\world_child

. *use $Base\..\DHS\world_childsmall //small is 10% sample
. 
. **(1) SETUP
. gen twind=1 if twinc>0  //twind is actually multiple birth
(4138895 missing values generated)

. replace twind=0 if twinc==0
(4138895 real changes made)

. *rename v301 contracept_know
. *rename v302 contracept_use
. rename v501 maritalstatus

. rename v504 husbandhouse

. rename v715 educ_husband

. replace educ_husband=. if educ_husband>24
(102320 real changes made, 102320 to missing)

. tab partocc, gen(husb_work)

partner's occupation |
              (v705) |      Freq.     Percent        Cum.
---------------------+-----------------------------------
        did not work |     64,595        1.72        1.72
prof., tech., manag. |    326,980        8.73       10.45
            clerical |    120,523        3.22       13.67
               sales |    312,614        8.35       22.02
 agric-self employed |  1,388,721       37.08       59.09
      agric-employee |    371,026        9.91       69.00
household & domestic |     20,082        0.54       69.53
            services |    224,406        5.99       75.53
      skilled manual |    601,932       16.07       91.60
    unskilled manual |    314,794        8.40      100.00
---------------------+-----------------------------------
               Total |  3,745,673      100.00

. 
. global x_complete bord educfyrs height bmi poor1 contracept_use contracept_know

. global x_minimal bord educfyrs poor1 contracept_use contracept_know 

. global z twind

. 
. *gen y variables
. *Gen ht/age, wt/age
. gen child_age=round(agechild_cmc/12)

. gen ht_age=hw3/child_age if agec<19
(3735192 missing values generated)

. gen wt_age=hw2/child_age if agec<19 //these are no good.
(3725083 missing values generated)

. 
. 
. 
. **(2)MISSING VARIABLES
. count if height==.
2139076

. tab twind if height==.

      twind |      Freq.     Percent        Cum.
------------+-----------------------------------
          0 |  2,095,810       97.98       97.98
          1 |     43,266        2.02      100.00
------------+-----------------------------------
      Total |  2,139,076      100.00

. tab twind if height!=.

      twind |      Freq.     Percent        Cum.
------------+-----------------------------------
          0 |  2,043,085       97.60       97.60
          1 |     50,238        2.40      100.00
------------+-----------------------------------
      Total |  2,093,323      100.00

. 
. sum twind fert $x_complete if height!=.
variable contracept_use not found
r(111);

end of do-file

r(111);

. do "C:\Users\DAMIAN~1.CLA\AppData\Local\Temp\STD00000000.tmp"

. keep if height<210 & height>85
(2142592 observations deleted)

. 
end of do-file

. tab v015

       result of |
      individual |
       interview |      Freq.     Percent        Cum.
-----------------+-----------------------------------
       completed |  2,089,807      100.00      100.00
-----------------+-----------------------------------
           Total |  2,089,807      100.00

. do "C:\Users\DAMIAN~1.CLA\AppData\Local\Temp\STD00000000.tmp"

. reg twind bord educfyrs height bmi poor1 educ_husband [pw=sweight] if v015==1, vce(cluster ncode)
(sum of wgt is   1.9661e+06)

Linear regression                                      Number of obs = 1990200
                                                       F(  6,    48) =  112.47
                                                       Prob > F      =  0.0000
                                                       R-squared     =  0.0091
                                                       Root MSE      =  .15172

                                 (Std. Err. adjusted for 49 clusters in ncode)
------------------------------------------------------------------------------
             |               Robust
       twind |      Coef.   Std. Err.      t    P>|t|     [95% Conf. Interval]
-------------+----------------------------------------------------------------
        bord |   .0061093   .0004415    13.84   0.000     .0052216    .0069971
    educfyrs |    .000101   .0000958     1.05   0.297    -.0000916    .0002935
      height |   .0007067   .0000413    17.11   0.000     .0006237    .0007898
         bmi |   .0001883   .0001265     1.49   0.143    -.0000661    .0004427
       poor1 |  -.0050122    .001661    -3.02   0.004    -.0083518   -.0016725
educ_husband |   .0002091   .0001125     1.86   0.069     -.000017    .0004352
       _cons |  -.1110007   .0060755   -18.27   0.000    -.1232164    -.098785
------------------------------------------------------------------------------

. 
end of do-file

. do "C:\Users\DAMIAN~1.CLA\AppData\Local\Temp\STD00000000.tmp"

. reg twind bord educfyrs height bmi poor1 [pw=sweight] if v015==1, vce(cluster ncode)
(sum of wgt is   2.0589e+06)

Linear regression                                      Number of obs = 2083707
                                                       F(  5,    48) =  120.20
                                                       Prob > F      =  0.0000
                                                       R-squared     =  0.0091
                                                       Root MSE      =  .15198

                                 (Std. Err. adjusted for 49 clusters in ncode)
------------------------------------------------------------------------------
             |               Robust
       twind |      Coef.   Std. Err.      t    P>|t|     [95% Conf. Interval]
-------------+----------------------------------------------------------------
        bord |   .0061405   .0004324    14.20   0.000     .0052712    .0070099
    educfyrs |   .0002709   .0000914     2.96   0.005     .0000871    .0004547
      height |   .0007018   .0000435    16.12   0.000     .0006143    .0007894
         bmi |   .0002113    .000121     1.75   0.087    -.0000319    .0004546
       poor1 |  -.0051965   .0016524    -3.14   0.003    -.0085188   -.0018742
       _cons |  -.1102897   .0062977   -17.51   0.000     -.122952   -.0976274
------------------------------------------------------------------------------

. 
end of do-file

. do "C:\Users\DAMIAN~1.CLA\AppData\Local\Temp\STD00000000.tmp"

. reg twind bord educfyrs height bmi poor1 i.ncode i.yearc [pw=sweight] if v015==1, vce(cluster ncode)
(sum of wgt is   2.0311e+06)
note: 2006.yearc omitted because of collinearity

Linear regression                                      Number of obs = 2055633
                                                       F( 48,    48) =       .
                                                       Prob > F      =       .
                                                       R-squared     =  0.0113
                                                       Root MSE      =  .15223

                                 (Std. Err. adjusted for 49 clusters in ncode)
------------------------------------------------------------------------------
             |               Robust
       twind |      Coef.   Std. Err.      t    P>|t|     [95% Conf. Interval]
-------------+----------------------------------------------------------------
        bord |   .0061151   .0004282    14.28   0.000     .0052541    .0069761
    educfyrs |   .0005342   .0000956     5.59   0.000      .000342    .0007263
      height |   .0004011   .0000448     8.95   0.000      .000311    .0004912
         bmi |   .0002052   .0000616     3.33   0.002     .0000814     .000329
       poor1 |  -.0009751   .0007523    -1.30   0.201    -.0024877    .0005374
             |
       ncode |
         51  |   .0012486   .0009091     1.37   0.176    -.0005792    .0030764
         68  |  -.0084144   .0006619   -12.71   0.000    -.0097452   -.0070836
         76  |  -.0054743   .0005545    -9.87   0.000    -.0065892   -.0043595
        116  |  -.0014736   .0003999    -3.68   0.001    -.0022777   -.0006695
        120  |   .0134072   .0008093    16.57   0.000       .01178    .0150345
        140  |   .0046044   .0005212     8.83   0.000     .0035565    .0056524
        148  |    .004858   .0007705     6.31   0.000     .0033088    .0064072
        170  |  -.0023214   .0005384    -4.31   0.000    -.0034039   -.0012389
        174  |   .0170972    .000546    31.31   0.000     .0159993    .0181951
        178  |   .0180825   .0006941    26.05   0.000     .0166869    .0194782
        204  |   .0262312   .0006226    42.13   0.000     .0249794     .027483
        214  |   .0031689   .0007685     4.12   0.000     .0016236    .0047141
        231  |  -.0034677   .0006313    -5.49   0.000     -.004737   -.0021985
        266  |    .012781   .0008915    14.34   0.000     .0109885    .0145736
        288  |   .0138155   .0006502    21.25   0.000     .0125082    .0151228
        320  |  -.0040198   .0004471    -8.99   0.000    -.0049188   -.0031207
        324  |    .016499   .0006041    27.31   0.000     .0152843    .0177137
        332  |   .0067893   .0006321    10.74   0.000     .0055184    .0080601
        340  |  -.0047477   .0005804    -8.18   0.000    -.0059146   -.0035808
        356  |  -.0014641   .0002663    -5.50   0.000    -.0019996   -.0009286
        384  |   .0075106   .0006313    11.90   0.000     .0062413      .00878
        398  |  -.0013419    .001127    -1.19   0.240     -.003608    .0009241
        404  |   .0039625   .0008363     4.74   0.000      .002281    .0056441
        417  |  -.0057946   .0011389    -5.09   0.000    -.0080845   -.0035048
        426  |   .0039875   .0007097     5.62   0.000     .0025605    .0054145
        450  |  -.0015265   .0004696    -3.25   0.002    -.0024707   -.0005823
        454  |   .0186572   .0005393    34.59   0.000     .0175728    .0197416
        466  |   .0044995   .0008411     5.35   0.000     .0028083    .0061907
        498  |  -.0001714   .0009657    -0.18   0.860    -.0021132    .0017703
        504  |   .0024949   .0007073     3.53   0.001     .0010727    .0039171
        508  |   .0085512   .0004707    18.17   0.000     .0076048    .0094975
        516  |   .0024625   .0008794     2.80   0.007     .0006943    .0042307
        524  |   .0011179   .0010527     1.06   0.294    -.0009986    .0032344
        558  |  -.0050554   .0007458    -6.78   0.000    -.0065549   -.0035558
        562  |   .0050772   .0007592     6.69   0.000     .0035507    .0066038
        566  |   .0101811   .0007791    13.07   0.000     .0086146    .0117476
        604  |  -.0052726   .0007006    -7.53   0.000    -.0066812    -.003864
        646  |  -.0006043   .0006441    -0.94   0.353    -.0018994    .0006908
        686  |    .002737   .0008071     3.39   0.001     .0011143    .0043597
        716  |   .0108431   .0008603    12.60   0.000     .0091134    .0125728
        768  |   .0213911   .0006063    35.28   0.000     .0201721    .0226102
        792  |   .0003215   .0006141     0.52   0.603    -.0009131    .0015562
        800  |   .0018793   .0007482     2.51   0.015     .0003749    .0033836
        818  |   .0086892   .0008512    10.21   0.000     .0069778    .0104006
        834  |   .0102461   .0005931    17.28   0.000     .0090536    .0114385
        854  |   .0066858   .0007242     9.23   0.000     .0052296     .008142
        860  |  -.0056542   .0011355    -4.98   0.000    -.0079373   -.0033711
        894  |   .0077106   .0008191     9.41   0.000     .0060638    .0093574
             |
       yearc |
       1924  |  -.0023613   .0002669    -8.85   0.000     -.002898   -.0018246
       1925  |  -.0019575   .0001898   -10.31   0.000    -.0023391   -.0015758
       1926  |  -.0035679   .0002653   -13.45   0.000    -.0041013   -.0030346
       1927  |  -.0043549   .0003184   -13.68   0.000     -.004995   -.0037147
       1928  |   .0507636    .000308   164.82   0.000     .0501444    .0513829
       1929  |  -.0049232   .0003642   -13.52   0.000    -.0056555   -.0041909
       1930  |  -.0076684   .0005517   -13.90   0.000    -.0087777   -.0065591
       1931  |  -.0061619   .0004456   -13.83   0.000    -.0070578   -.0052661
       1932  |  -.0063758   .0004636   -13.75   0.000    -.0073079   -.0054437
       1933  |  -.0083883   .0005991   -14.00   0.000    -.0095929   -.0071837
       1934  |  -.0066345   .0004762   -13.93   0.000     -.007592    -.005677
       1935  |    .006679   .0005737    11.64   0.000     .0055256    .0078325
       1936  |   .0101063   .0005954    16.97   0.000     .0089092    .0113033
       1937  |   .0059254   .0006441     9.20   0.000     .0046303    .0072205
       1938  |     .00564   .0006655     8.47   0.000     .0043019    .0069782
       1939  |  -.0111776    .000793   -14.09   0.000    -.0127721    -.009583
       1940  |   .0038641   .0007387     5.23   0.000     .0023789    .0053493
       1941  |   .0028175   .0008225     3.43   0.001     .0011638    .0044712
       1942  |   .0016767   .0007939     2.11   0.040     .0000805    .0032729
       1943  |   .0118953   .0009254    12.85   0.000     .0100346     .013756
       1944  |  -.0045618   .0008925    -5.11   0.000    -.0063562   -.0027674
       1945  |  -.0040579   .0009038    -4.49   0.000    -.0058751   -.0022406
       1946  |    .004313   .0010187     4.23   0.000     .0022647    .0063612
       1947  |   -.003011   .0010052    -3.00   0.004    -.0050321   -.0009899
       1948  |   .0052251    .001048     4.99   0.000      .003118    .0073323
       1949  |  -.0105804   .0010436   -10.14   0.000    -.0126787   -.0084821
       1950  |  -.0023454   .0011991    -1.96   0.056    -.0047563    .0000655
       1951  |  -.0111404   .0012115    -9.20   0.000    -.0135763   -.0087044
       1952  |   .0037482    .001161     3.23   0.002     .0014138    .0060826
       1953  |    .053302   .0012641    42.17   0.000     .0507604    .0558436
       1954  |  -.0103407   .0014806    -6.98   0.000    -.0133176   -.0073638
       1955  |  -.0035558   .0049795    -0.71   0.479    -.0135677    .0064561
       1956  |  -.0086264   .0046791    -1.84   0.071    -.0180345    .0007816
       1957  |  -.0026181   .0040671    -0.64   0.523    -.0107956    .0055593
       1958  |  -.0008803   .0014951    -0.59   0.559    -.0038865    .0021259
       1959  |  -.0023564   .0027483    -0.86   0.395    -.0078822    .0031694
       1960  |   .0216655   .0070525     3.07   0.003     .0074856    .0358454
       1961  |   .0130552   .0078532     1.66   0.103    -.0027347    .0288451
       1962  |   .0053638   .0044184     1.21   0.231    -.0035199    .0142476
       1963  |   .0052741   .0068646     0.77   0.446    -.0085281    .0190762
       1964  |   .0121906   .0051141     2.38   0.021     .0019079    .0224732
       1965  |   .0068101   .0036401     1.87   0.067    -.0005088     .014129
       1966  |   .0104395   .0044571     2.34   0.023     .0014779    .0194011
       1967  |   .0048803   .0038983     1.25   0.217    -.0029578    .0127184
       1968  |   .0036313   .0025723     1.41   0.164    -.0015406    .0088033
       1969  |    .005046   .0024294     2.08   0.043     .0001613    .0099306
       1970  |   .0027576   .0022002     1.25   0.216    -.0016662    .0071814
       1971  |   .0050931   .0020601     2.47   0.017      .000951    .0092353
       1972  |   .0031789   .0015918     2.00   0.052    -.0000218    .0063795
       1973  |    .001109   .0018534     0.60   0.552    -.0026175    .0048354
       1974  |   .0025612   .0017762     1.44   0.156      -.00101    .0061325
       1975  |   .0023945   .0019386     1.24   0.223    -.0015033    .0062922
       1976  |    .004389   .0020399     2.15   0.036     .0002874    .0084906
       1977  |   .0006802   .0014741     0.46   0.647    -.0022836     .003644
       1978  |   .0021412      .0016     1.34   0.187    -.0010758    .0053582
       1979  |   .0020976   .0017562     1.19   0.238    -.0014336    .0056287
       1980  |   .0028472   .0012791     2.23   0.031     .0002754     .005419
       1981  |   .0014369    .001019     1.41   0.165    -.0006118    .0034857
       1982  |   .0012232   .0010142     1.21   0.234    -.0008161    .0032624
       1983  |   .0027772   .0010824     2.57   0.013      .000601    .0049535
       1984  |    .003089   .0008757     3.53   0.001     .0013284    .0048497
       1985  |    .001415   .0010049     1.41   0.166    -.0006055    .0034355
       1986  |   .0016966   .0007726     2.20   0.033     .0001431      .00325
       1987  |   .0033002   .0007776     4.24   0.000     .0017368    .0048636
       1988  |   .0016697   .0011837     1.41   0.165    -.0007103    .0040497
       1989  |   .0000687   .0009745     0.07   0.944    -.0018906    .0020279
       1990  |   .0015087   .0011076     1.36   0.180    -.0007182    .0037357
       1991  |   .0015496   .0008446     1.83   0.073    -.0001485    .0032477
       1992  |   .0022878   .0007715     2.97   0.005     .0007366     .003839
       1993  |   .0039923   .0009353     4.27   0.000     .0021118    .0058728
       1994  |   .0011468   .0008148     1.41   0.166    -.0004914    .0027851
       1995  |   .0031317   .0010108     3.10   0.003     .0010993    .0051641
       1996  |   .0034568   .0008286     4.17   0.000     .0017908    .0051229
       1997  |   .0049031   .0010856     4.52   0.000     .0027204    .0070858
       1998  |   .0022231   .0008265     2.69   0.010     .0005612     .003885
       1999  |   .0012019   .0008647     1.39   0.171    -.0005367    .0029406
       2000  |   .0041004   .0011623     3.53   0.001     .0017634    .0064375
       2001  |   .0024137   .0017909     1.35   0.184    -.0011872    .0060145
       2002  |   .0035303   .0021717     1.63   0.111    -.0008362    .0078968
       2003  |   .0071327   .0023122     3.08   0.003     .0024838    .0117816
       2004  |   .0008822   .0027791     0.32   0.752    -.0047056    .0064701
       2005  |   .0033592   .0049062     0.68   0.497    -.0065054    .0132238
       2006  |          0  (omitted)
             |
       _cons |  -.0702594   .0080041    -8.78   0.000    -.0863528    -.054166
------------------------------------------------------------------------------

. 
end of do-file

. do "C:\Users\DAMIAN~1.CLA\AppData\Local\Temp\STD00000000.tmp"

. reg twind bord agemay educfyrs educfyrs2 height bmi poor1 i.ncode i.yearc [pw=sweight] if v015==1, vce(cluster ncode)
(sum of wgt is   2.0311e+06)
note: 2006.yearc omitted because of collinearity

Linear regression                                      Number of obs = 2055633
                                                       F( 48,    48) =       .
                                                       Prob > F      =       .
                                                       R-squared     =  0.0118
                                                       Root MSE      =  .15219

                                 (Std. Err. adjusted for 49 clusters in ncode)
------------------------------------------------------------------------------
             |               Robust
       twind |      Coef.   Std. Err.      t    P>|t|     [95% Conf. Interval]
-------------+----------------------------------------------------------------
        bord |   .0079192   .0006725    11.78   0.000     .0065671    .0092714
      agemay |  -.0008905   .0001273    -6.99   0.000    -.0011465   -.0006344
    educfyrs |   .0002217   .0001677     1.32   0.192    -.0001155     .000559
   educfyrs2 |   .0000403   .0000114     3.55   0.001     .0000175    .0000632
      height |   .0004068   .0000462     8.81   0.000      .000314    .0004996
         bmi |    .000233   .0000583     4.00   0.000     .0001158    .0003502
       poor1 |  -.0013537   .0007772    -1.74   0.088    -.0029163    .0002088
             |
       ncode |
         51  |    .002765   .0008536     3.24   0.002     .0010487    .0044812
         68  |  -.0068296   .0005709   -11.96   0.000    -.0079774   -.0056818
         76  |  -.0032725   .0005457    -6.00   0.000    -.0043697   -.0021753
        116  |   .0018355   .0003258     5.63   0.000     .0011803    .0024907
        120  |   .0135447   .0008237    16.44   0.000     .0118885    .0152009
        140  |   .0057168   .0004547    12.57   0.000     .0048027     .006631
        148  |   .0047135   .0007976     5.91   0.000     .0031099    .0063171
        170  |  -.0005176   .0005593    -0.93   0.359    -.0016421    .0006069
        174  |   .0184001   .0004311    42.68   0.000     .0175333    .0192669
        178  |   .0189426   .0006808    27.82   0.000     .0175738    .0203114
        204  |    .027516    .000511    53.85   0.000     .0264885    .0285434
        214  |    .004661   .0007104     6.56   0.000     .0032327    .0060893
        231  |  -.0015638   .0005294    -2.95   0.005    -.0026281   -.0004994
        266  |   .0128871   .0009415    13.69   0.000     .0109942    .0147801
        288  |     .01588   .0005393    29.45   0.000     .0147957    .0169644
        320  |  -.0027853   .0003643    -7.65   0.000    -.0035178   -.0020529
        324  |   .0172224   .0005592    30.80   0.000     .0160981    .0183467
        332  |   .0092905   .0004807    19.33   0.000     .0083239    .0102571
        340  |  -.0041738   .0005672    -7.36   0.000    -.0053143   -.0030333
        356  |  -.0005613    .000278    -2.02   0.049    -.0011203   -2.35e-06
        384  |   .0084503   .0005591    15.11   0.000     .0073262    .0095745
        398  |   .0011971   .0010571     1.13   0.263    -.0009284    .0033227
        404  |   .0048086   .0007963     6.04   0.000     .0032075    .0064097
        417  |  -.0040161   .0010457    -3.84   0.000    -.0061186   -.0019136
        426  |   .0062593    .000716     8.74   0.000     .0048197    .0076989
        450  |  -.0005508   .0004151    -1.33   0.191    -.0013853    .0002838
        454  |   .0196216    .000478    41.05   0.000     .0186605    .0205826
        466  |   .0049054   .0008127     6.04   0.000     .0032714    .0065394
        498  |   .0012687   .0008942     1.42   0.162    -.0005293    .0030667
        504  |   .0049919   .0005289     9.44   0.000     .0039285    .0060553
        508  |    .009267   .0004224    21.94   0.000     .0084178    .0101162
        516  |    .005491   .0007559     7.26   0.000     .0039712    .0070109
        524  |   -.001997   .0008684    -2.30   0.026     -.003743   -.0002509
        558  |  -.0043854   .0007027    -6.24   0.000    -.0057984   -.0029724
        562  |   .0050754   .0007752     6.55   0.000     .0035168    .0066341
        566  |   .0101505   .0007843    12.94   0.000     .0085735    .0117275
        604  |  -.0031633   .0006305    -5.02   0.000     -.004431   -.0018956
        646  |   .0023788   .0004857     4.90   0.000     .0014022    .0033553
        686  |   .0039401   .0007149     5.51   0.000     .0025028    .0053774
        716  |    .012394   .0007878    15.73   0.000       .01081    .0139781
        768  |   .0232722   .0004914    47.36   0.000     .0222842    .0242601
        792  |   .0020511   .0005504     3.73   0.001     .0009445    .0031577
        800  |   .0022003   .0007476     2.94   0.005     .0006971    .0037034
        818  |   .0099212   .0007246    13.69   0.000     .0084644    .0113781
        834  |   .0115591   .0005202    22.22   0.000     .0105131     .012605
        854  |    .008049   .0006255    12.87   0.000     .0067912    .0093067
        860  |  -.0037332   .0010472    -3.57   0.001    -.0058387   -.0016278
        894  |   .0084935   .0007967    10.66   0.000     .0068916    .0100954
             |
       yearc |
       1924  |  -.0012178   .0002369    -5.14   0.000    -.0016941   -.0007414
       1925  |  -.0005925    .000158    -3.75   0.000    -.0009101   -.0002749
       1926  |  -.0022481   .0001741   -12.91   0.000    -.0025982    -.001898
       1927  |  -.0037575   .0002601   -14.45   0.000    -.0042804   -.0032345
       1928  |   .0520741    .000198   263.00   0.000      .051676    .0524722
       1929  |  -.0035165   .0002517   -13.97   0.000    -.0040225   -.0030105
       1930  |  -.0059155   .0003991   -14.82   0.000    -.0067179    -.005113
       1931  |  -.0041409   .0002882   -14.37   0.000    -.0047204   -.0035614
       1932  |  -.0042886   .0003047   -14.08   0.000    -.0049012    -.003676
       1933  |  -.0066588   .0004451   -14.96   0.000    -.0075536   -.0057639
       1934  |  -.0042816   .0002999   -14.27   0.000    -.0048847   -.0036785
       1935  |   .0087274   .0003972    21.97   0.000     .0079288     .009526
       1936  |   .0122248   .0004113    29.72   0.000     .0113979    .0130518
       1937  |   .0083949   .0004355    19.28   0.000     .0075193    .0092706
       1938  |   .0076462   .0004862    15.73   0.000     .0066687    .0086237
       1939  |   -.008595   .0005641   -15.24   0.000    -.0097292   -.0074607
       1940  |   .0064104   .0005139    12.47   0.000     .0053771    .0074436
       1941  |   .0052644    .000603     8.73   0.000      .004052    .0064767
       1942  |   .0042571   .0005638     7.55   0.000     .0031235    .0053908
       1943  |   .0147001   .0006754    21.76   0.000      .013342    .0160581
       1944  |  -.0019247   .0006558    -2.93   0.005    -.0032433   -.0006062
       1945  |  -.0012365   .0006569    -1.88   0.066    -.0025572    .0000843
       1946  |   .0071994   .0007598     9.48   0.000     .0056718     .008727
       1947  |   1.48e-06   .0007386     0.00   0.998    -.0014836    .0014865
       1948  |   .0082175    .000784    10.48   0.000     .0066412    .0097938
       1949  |  -.0074039   .0007645    -9.68   0.000    -.0089411   -.0058667
       1950  |   .0012251   .0008837     1.39   0.172    -.0005517     .003002
       1951  |   -.007385   .0008823    -8.37   0.000    -.0091589    -.005611
       1952  |   .0074649   .0008393     8.89   0.000     .0057774    .0091525
       1953  |   .0579682   .0008573    67.62   0.000     .0562444    .0596919
       1954  |  -.0188017   .0010883   -17.28   0.000    -.0209898   -.0166136
       1955  |  -.0118315    .004749    -2.49   0.016      -.02138    -.002283
       1956  |  -.0168845   .0050593    -3.34   0.002    -.0270568   -.0067122
       1957  |  -.0101148   .0044399    -2.28   0.027    -.0190418   -.0011879
       1958  |  -.0082099   .0013085    -6.27   0.000    -.0108407    -.005579
       1959  |  -.0085707   .0027423    -3.13   0.003    -.0140844   -.0030569
       1960  |   .0153947   .0072191     2.13   0.038     .0008796    .0299097
       1961  |   .0069767   .0079371     0.88   0.384     -.008982    .0229354
       1962  |  -.0003396   .0045281    -0.07   0.941    -.0094439    .0087647
       1963  |  -.0002803    .006635    -0.04   0.966    -.0136208    .0130601
       1964  |   .0068631   .0051287     1.34   0.187    -.0034487     .017175
       1965  |   .0014968   .0035522     0.42   0.675    -.0056453    .0086389
       1966  |   .0055661   .0042218     1.32   0.194    -.0029225    .0140547
       1967  |   .0000599   .0041361     0.01   0.989    -.0082562     .008376
       1968  |  -.0009058   .0027288    -0.33   0.741    -.0063924    .0045808
       1969  |   .0006209   .0026111     0.24   0.813    -.0046291    .0058709
       1970  |  -.0014772   .0025484    -0.58   0.565    -.0066011    .0036468
       1971  |   .0010154   .0022141     0.46   0.649    -.0034364    .0054671
       1972  |  -.0007137   .0018582    -0.38   0.703    -.0044499    .0030224
       1973  |  -.0025761    .001988    -1.30   0.201    -.0065732     .001421
       1974  |  -.0009626    .001885    -0.51   0.612    -.0047526    .0028274
       1975  |  -.0009862   .0019716    -0.50   0.619    -.0049502    .0029779
       1976  |   .0012514   .0020112     0.62   0.537    -.0027923    .0052951
       1977  |  -.0023227     .00159    -1.46   0.151    -.0055195    .0008742
       1978  |  -.0006779   .0016324    -0.42   0.680      -.00396    .0026042
       1979  |  -.0005998   .0018306    -0.33   0.745    -.0042805    .0030809
       1980  |   .0002837   .0012452     0.23   0.821      -.00222    .0027873
       1981  |  -.0009932   .0010284    -0.97   0.339    -.0030609    .0010744
       1982  |  -.0010701   .0010675    -1.00   0.321    -.0032164    .0010763
       1983  |   .0006119   .0010504     0.58   0.563       -.0015    .0027238
       1984  |   .0010273   .0009473     1.08   0.284    -.0008773    .0029319
       1985  |  -.0005284   .0010888    -0.49   0.630    -.0027176    .0016607
       1986  |  -.0001147   .0008141    -0.14   0.889    -.0017515    .0015222
       1987  |   .0016051   .0008608     1.86   0.068    -.0001256    .0033358
       1988  |   .0001159   .0012256     0.09   0.925    -.0023483    .0025801
       1989  |  -.0013702   .0010301    -1.33   0.190    -.0034414    .0007009
       1990  |   .0001619   .0011672     0.14   0.890     -.002185    .0025088
       1991  |    .000379   .0008144     0.47   0.644    -.0012584    .0020165
       1992  |   .0011773   .0008217     1.43   0.158    -.0004748    .0028294
       1993  |   .0029851   .0009339     3.20   0.002     .0011074    .0048628
       1994  |   .0001926   .0008061     0.24   0.812    -.0014282    .0018134
       1995  |   .0022867    .001013     2.26   0.029     .0002498    .0043235
       1996  |   .0027202   .0008137     3.34   0.002     .0010842    .0043561
       1997  |   .0042413   .0010812     3.92   0.000     .0020674    .0064153
       1998  |   .0016315   .0008077     2.02   0.049     7.60e-06    .0032554
       1999  |    .000724   .0008846     0.82   0.417    -.0010546    .0025026
       2000  |   .0036299   .0011653     3.12   0.003      .001287    .0059728
       2001  |   .0020751   .0018112     1.15   0.258    -.0015665    .0057167
       2002  |   .0032615   .0022058     1.48   0.146    -.0011735    .0076966
       2003  |   .0069477   .0023386     2.97   0.005     .0022457    .0116497
       2004  |   .0007191   .0027592     0.26   0.795    -.0048286    .0062668
       2005  |   .0034166   .0048599     0.70   0.485    -.0063549    .0131881
       2006  |          0  (omitted)
             |
       _cons |  -.0557158   .0071958    -7.74   0.000    -.0701839   -.0412477
------------------------------------------------------------------------------

. 
. 
end of do-file

. do "C:\Users\DAMIAN~1.CLA\AppData\Local\Temp\STD00000000.tmp"

. reg twind bord agemay educfyrs educfyrs2 height bmi1 poor1 i.ncode i.yearc [pw=sweight] if v015==1, vce(cluster ncode)
(sum of wgt is   1.8739e+06)
note: 2006.yearc omitted because of collinearity

Linear regression                                      Number of obs = 1897173
                                                       F( 48,    48) =       .
                                                       Prob > F      =       .
                                                       R-squared     =  0.0116
                                                       Root MSE      =  .15246

                                 (Std. Err. adjusted for 49 clusters in ncode)
------------------------------------------------------------------------------
             |               Robust
       twind |      Coef.   Std. Err.      t    P>|t|     [95% Conf. Interval]
-------------+----------------------------------------------------------------
        bord |   .0077536   .0006511    11.91   0.000     .0064445    .0090628
      agemay |  -.0008627   .0001265    -6.82   0.000    -.0011169   -.0006084
    educfyrs |   .0001805    .000174     1.04   0.305    -.0001694    .0005304
   educfyrs2 |   .0000425   .0000115     3.69   0.001     .0000193    .0000656
      height |   .0004123   .0000453     9.10   0.000     .0003212    .0005034
        bmi1 |   .0002351   .0000622     3.78   0.000       .00011    .0003602
       poor1 |  -.0011966   .0008067    -1.48   0.145    -.0028186    .0004253
             |
       ncode |
         51  |   .0026759   .0008919     3.00   0.004     .0008826    .0044691
         68  |  -.0067516   .0006082   -11.10   0.000    -.0079744   -.0055289
         76  |  -.0037905   .0006081    -6.23   0.000    -.0050131   -.0025678
        116  |   .0017657   .0003648     4.84   0.000     .0010322    .0024993
        120  |    .014686   .0008248    17.81   0.000     .0130277    .0163443
        140  |   .0055256   .0004652    11.88   0.000     .0045903     .006461
        148  |   .0040132   .0007845     5.12   0.000     .0024357    .0055906
        170  |  -.0005365   .0005855    -0.92   0.364    -.0017138    .0006408
        174  |   .0177456   .0004614    38.46   0.000     .0168179    .0186732
        178  |     .01694   .0006745    25.11   0.000     .0155838    .0182962
        204  |   .0271486   .0005265    51.57   0.000     .0260901    .0282072
        214  |   .0045364   .0007633     5.94   0.000     .0030018     .006071
        231  |  -.0013884   .0005644    -2.46   0.018    -.0025233   -.0002535
        266  |    .010945   .0009368    11.68   0.000     .0090614    .0128286
        288  |   .0161364   .0005661    28.50   0.000     .0149981    .0172747
        320  |  -.0027493   .0004175    -6.59   0.000    -.0035887   -.0019099
        324  |   .0172331   .0005554    31.03   0.000     .0161164    .0183497
        332  |   .0087895   .0005103    17.23   0.000     .0077635    .0098154
        340  |   -.004161   .0005739    -7.25   0.000    -.0053149   -.0030072
        356  |  -.0006417   .0003028    -2.12   0.039    -.0012505   -.0000328
        384  |   .0094392     .00057    16.56   0.000     .0082931    .0105853
        398  |   .0012252   .0011178     1.10   0.279    -.0010223    .0034726
        404  |   .0048538   .0008084     6.00   0.000     .0032283    .0064792
        417  |  -.0045346   .0010973    -4.13   0.000    -.0067409   -.0023284
        426  |    .005532   .0007277     7.60   0.000     .0040688    .0069952
        450  |   .0000251   .0004121     0.06   0.952    -.0008035    .0008537
        454  |   .0195236   .0004824    40.47   0.000     .0185537    .0204936
        466  |   .0046758   .0008102     5.77   0.000     .0030467    .0063049
        498  |   .0010636   .0009215     1.15   0.254    -.0007892    .0029164
        504  |   .0052044   .0005655     9.20   0.000     .0040674    .0063415
        508  |    .009157   .0004279    21.40   0.000     .0082967    .0100173
        516  |   .0043263   .0008003     5.41   0.000     .0027172    .0059354
        524  |  -.0021619   .0008757    -2.47   0.017    -.0039226   -.0004012
        558  |  -.0043333    .000736    -5.89   0.000    -.0058132   -.0028534
        562  |   .0055157   .0007873     7.01   0.000     .0039327    .0070986
        566  |   .0090703   .0007805    11.62   0.000      .007501    .0106397
        604  |   -.003215   .0006904    -4.66   0.000    -.0046031    -.001827
        646  |   .0015705   .0004886     3.21   0.002     .0005881    .0025529
        686  |   .0050471    .000717     7.04   0.000     .0036055    .0064888
        716  |   .0119215   .0008164    14.60   0.000       .01028    .0135631
        768  |   .0235953   .0005073    46.51   0.000     .0225753    .0246154
        792  |   .0022175   .0006052     3.66   0.001     .0010007    .0034344
        800  |   .0021322   .0007538     2.83   0.007     .0006165    .0036478
        818  |   .0100366   .0007713    13.01   0.000     .0084859    .0115873
        834  |   .0114653    .000526    21.80   0.000     .0104077    .0125229
        854  |   .0082158    .000631    13.02   0.000     .0069471    .0094845
        860  |  -.0040317   .0011025    -3.66   0.001    -.0062484    -.001815
        894  |   .0079077   .0008221     9.62   0.000     .0062548    .0095607
             |
       yearc |
       1924  |  -.0012872   .0002382    -5.40   0.000    -.0017661   -.0008082
       1925  |  -.0006137   .0001808    -3.39   0.001    -.0009771   -.0002502
       1926  |  -.0022566   .0001814   -12.44   0.000    -.0026214   -.0018918
       1927  |  -.0037043   .0002559   -14.48   0.000    -.0042188   -.0031899
       1928  |   .0520924   .0002027   257.00   0.000     .0516848    .0524999
       1929  |  -.0036575   .0002616   -13.98   0.000    -.0041835   -.0031315
       1930  |  -.0058794      .0004   -14.70   0.000    -.0066837    -.005075
       1931  |   -.004182   .0003034   -13.79   0.000     -.004792   -.0035721
       1932  |  -.0042578   .0003145   -13.54   0.000    -.0048901   -.0036254
       1933  |   -.006533   .0004384   -14.90   0.000    -.0074145   -.0056515
       1934  |  -.0041223   .0003073   -13.42   0.000    -.0047401   -.0035045
       1935  |   .0097503   .0004008    24.33   0.000     .0089444    .0105561
       1936  |   .0137844   .0004191    32.89   0.000     .0129416    .0146272
       1937  |     .00923   .0004314    21.39   0.000     .0083626    .0100974
       1938  |   .0011414   .0005145     2.22   0.031      .000107    .0021757
       1939  |  -.0086118   .0005691   -15.13   0.000     -.009756   -.0074676
       1940  |   .0021944   .0005231     4.20   0.000     .0011426    .0032461
       1941  |   .0068491   .0005955    11.50   0.000     .0056519    .0080463
       1942  |   .0053477   .0005722     9.35   0.000     .0041972    .0064982
       1943  |   .0172288    .000675    25.53   0.000     .0158717     .018586
       1944  |  -.0011586   .0006566    -1.76   0.084    -.0024788    .0001616
       1945  |  -.0003576   .0006525    -0.55   0.586    -.0016695    .0009542
       1946  |   .0091761   .0007692    11.93   0.000     .0076294    .0107227
       1947  |   .0010517    .000757     1.39   0.171    -.0004704    .0025738
       1948  |   .0081542   .0007778    10.48   0.000     .0065904     .009718
       1949  |  -.0069668   .0007651    -9.11   0.000    -.0085051   -.0054284
       1950  |    .000859   .0008936     0.96   0.341    -.0009377    .0026557
       1951  |  -.0081433   .0008784    -9.27   0.000    -.0099094   -.0063772
       1952  |   .0077154   .0008414     9.17   0.000     .0060236    .0094072
       1953  |   .0581227   .0008607    67.53   0.000     .0563922    .0598532
       1954  |  -.0187647   .0011376   -16.50   0.000    -.0210519   -.0164774
       1955  |  -.0120137   .0046606    -2.58   0.013    -.0213845    -.002643
       1956  |  -.0170674   .0049188    -3.47   0.001    -.0269572   -.0071776
       1957  |  -.0102962   .0043467    -2.37   0.022    -.0190359   -.0015565
       1958  |  -.0081399   .0011847    -6.87   0.000    -.0105219   -.0057579
       1959  |  -.0088334   .0026946    -3.28   0.002    -.0142513   -.0034155
       1960  |   .0162117   .0066274     2.45   0.018     .0028865     .029537
       1961  |   .0070131   .0079244     0.89   0.381      -.00892    .0229463
       1962  |  -.0003653   .0044321    -0.08   0.935    -.0092767     .008546
       1963  |  -.0003168   .0067676    -0.05   0.963    -.0139239    .0132903
       1964  |   .0040031   .0042495     0.94   0.351    -.0045412    .0125474
       1965  |   .0016894   .0036082     0.47   0.642    -.0055653    .0089442
       1966  |   .0057459   .0042661     1.35   0.184    -.0028316    .0143234
       1967  |  -.0009231   .0042247    -0.22   0.828    -.0094174    .0075713
       1968  |  -.0007415   .0027813    -0.27   0.791    -.0063337    .0048506
       1969  |   .0008955    .002606     0.34   0.733    -.0043443    .0061353
       1970  |  -.0021709   .0025703    -0.84   0.403    -.0073388    .0029971
       1971  |   .0008217    .002252     0.36   0.717    -.0037063    .0053497
       1972  |  -.0003107   .0018491    -0.17   0.867    -.0040286    .0034072
       1973  |  -.0025626   .0020461    -1.25   0.216    -.0066766    .0015515
       1974  |  -.0008898   .0018927    -0.47   0.640    -.0046954    .0029157
       1975  |  -.0010955   .0020192    -0.54   0.590    -.0051555    .0029645
       1976  |   .0010311   .0020184     0.51   0.612    -.0030271    .0050894
       1977  |  -.0022303   .0016225    -1.37   0.176    -.0054927     .001032
       1978  |  -.0009469   .0016653    -0.57   0.572    -.0042953    .0024016
       1979  |  -.0007175   .0018232    -0.39   0.696    -.0043832    .0029483
       1980  |  -.0000492   .0012444    -0.04   0.969    -.0025513    .0024528
       1981  |  -.0008979   .0010281    -0.87   0.387     -.002965    .0011692
       1982  |   -.001127    .001101    -1.02   0.311    -.0033408    .0010868
       1983  |   .0008832   .0010241     0.86   0.393    -.0011758    .0029422
       1984  |   .0007962    .000917     0.87   0.390    -.0010476      .00264
       1985  |  -.0002614   .0011007    -0.24   0.813    -.0024746    .0019517
       1986  |  -.0001846   .0008088    -0.23   0.820    -.0018108    .0014416
       1987  |   .0018706   .0009035     2.07   0.044      .000054    .0036871
       1988  |   .0001302   .0012632     0.10   0.918    -.0024097    .0026701
       1989  |  -.0008157    .001044    -0.78   0.438    -.0029147    .0012833
       1990  |    .000688    .001185     0.58   0.564    -.0016946    .0030706
       1991  |   .0006071   .0008684     0.70   0.488     -.001139    .0023532
       1992  |   .0013336   .0008587     1.55   0.127    -.0003929      .00306
       1993  |   .0030006   .0009106     3.30   0.002     .0011696    .0048316
       1994  |   .0000215   .0008897     0.02   0.981    -.0017674    .0018105
       1995  |   .0025929   .0010201     2.54   0.014     .0005418    .0046439
       1996  |   .0030376   .0009019     3.37   0.001     .0012242    .0048509
       1997  |   .0050333   .0011861     4.24   0.000     .0026486    .0074181
       1998  |    .002586   .0009157     2.82   0.007     .0007448    .0044272
       1999  |   .0009547   .0009627     0.99   0.326    -.0009809    .0028903
       2000  |   .0040879   .0011883     3.44   0.001     .0016986    .0064772
       2001  |   .0029762   .0019517     1.52   0.134    -.0009479    .0069003
       2002  |   .0043829   .0025218     1.74   0.089    -.0006875    .0094533
       2003  |   .0072144    .002282     3.16   0.003     .0026261    .0118027
       2004  |   .0013263   .0027783     0.48   0.635    -.0042598    .0069123
       2005  |   .0035215   .0048599     0.72   0.472      -.00625    .0132931
       2006  |          0  (omitted)
             |
       _cons |  -.0566972   .0071583    -7.92   0.000    -.0710899   -.0423045
------------------------------------------------------------------------------

. 
end of do-file

. tab agemay

  age ma at |
   birth of |
     child, |
    integer |
 year value |      Freq.     Percent        Cum.
------------+-----------------------------------
          7 |          5        0.00        0.00
          8 |          4        0.00        0.00
          9 |         29        0.00        0.00
         10 |        177        0.01        0.01
         11 |        498        0.02        0.03
         12 |      3,277        0.16        0.19
         13 |      8,831        0.42        0.61
         14 |     22,124        1.06        1.67
         15 |     44,191        2.11        3.79
         16 |     70,097        3.35        7.14
         17 |     98,414        4.71       11.85
         18 |    121,329        5.81       17.66
         19 |    137,360        6.57       24.23
         20 |    146,283        7.00       31.23
         21 |    144,928        6.93       38.16
         22 |    143,406        6.86       45.03
         23 |    135,489        6.48       51.51
         24 |    127,345        6.09       57.60
         25 |    117,036        5.60       63.20
         26 |    106,472        5.09       68.30
         27 |     96,652        4.62       72.92
         28 |     86,175        4.12       77.05
         29 |     76,566        3.66       80.71
         30 |     67,873        3.25       83.96
         31 |     58,575        2.80       86.76
         32 |     51,449        2.46       89.22
         33 |     44,469        2.13       91.35
         34 |     38,335        1.83       93.19
         35 |     32,273        1.54       94.73
         36 |     26,426        1.26       95.99
         37 |     21,648        1.04       97.03
         38 |     17,158        0.82       97.85
         39 |     13,789        0.66       98.51
         40 |     10,269        0.49       99.00
         41 |      7,333        0.35       99.35
         42 |      5,253        0.25       99.60
         43 |      3,454        0.17       99.77
         44 |      2,256        0.11       99.88
         45 |      1,341        0.06       99.94
         46 |        672        0.03       99.97
         47 |        364        0.02       99.99
         48 |        151        0.01      100.00
         49 |         31        0.00      100.00
------------+-----------------------------------
      Total |  2,089,807      100.00

. do "C:\Users\DAMIAN~1.CLA\AppData\Local\Temp\STD00000000.tmp"

. reg twind bord i.agemay educfyrs educfyrs2 height bmi1 poor1 i.ncode i.yearc [pw=sweight] if v015==1, vce(cluster ncode)
(sum of wgt is   1.8739e+06)
note: 2006.yearc omitted because of collinearity

Linear regression                                      Number of obs = 1897173
                                                       F( 48,    48) =       .
                                                       Prob > F      =       .
                                                       R-squared     =  0.0119
                                                       Root MSE      =  .15244

                                 (Std. Err. adjusted for 49 clusters in ncode)
------------------------------------------------------------------------------
             |               Robust
       twind |      Coef.   Std. Err.      t    P>|t|     [95% Conf. Interval]
-------------+----------------------------------------------------------------
        bord |   .0078474   .0006619    11.86   0.000     .0065164    .0091783
             |
      agemay |
          8  |   .0116995   .0060639     1.93   0.060    -.0004929    .0238918
          9  |   .0022091    .003455     0.64   0.526    -.0047375    .0091558
         10  |    .019662   .0147577     1.33   0.189    -.0100104    .0493345
         11  |   .0248131   .0093177     2.66   0.011     .0060785    .0435476
         12  |   .0165564   .0045336     3.65   0.001     .0074411    .0256717
         13  |   .0193636   .0045409     4.26   0.000     .0102335    .0284937
         14  |   .0210292   .0039482     5.33   0.000     .0130908    .0289676
         15  |   .0217465    .004006     5.43   0.000     .0136919    .0298011
         16  |   .0193208   .0039774     4.86   0.000     .0113237    .0273179
         17  |   .0185093   .0039546     4.68   0.000      .010558    .0264605
         18  |   .0175232   .0040509     4.33   0.000     .0093784     .025668
         19  |   .0187511    .004007     4.68   0.000     .0106945    .0268077
         20  |   .0188227   .0040444     4.65   0.000     .0106908    .0269545
         21  |    .018367   .0040602     4.52   0.000     .0102035    .0265306
         22  |   .0189125   .0041331     4.58   0.000     .0106023    .0272228
         23  |   .0180451   .0040764     4.43   0.000     .0098489    .0262412
         24  |   .0170681   .0040471     4.22   0.000     .0089308    .0252054
         25  |   .0153181   .0044106     3.47   0.001     .0064499    .0241862
         26  |   .0157794   .0043135     3.66   0.001     .0071065    .0244522
         27  |   .0147763   .0042865     3.45   0.001     .0061577    .0233948
         28  |   .0132558   .0043386     3.06   0.004     .0045325    .0219792
         29  |   .0131874   .0044927     2.94   0.005     .0041542    .0222206
         30  |   .0107539   .0043996     2.44   0.018     .0019079    .0195998
         31  |   .0091344   .0048336     1.89   0.065    -.0005843    .0188531
         32  |    .010013   .0053039     1.89   0.065    -.0006513    .0206773
         33  |   .0087751    .004814     1.82   0.075    -.0009041    .0184543
         34  |   .0068079    .004863     1.40   0.168    -.0029698    .0165856
         35  |   .0064811   .0056841     1.14   0.260    -.0049476    .0179097
         36  |   .0045315   .0058109     0.78   0.439    -.0071522    .0162151
         37  |  -.0007155   .0057032    -0.13   0.901    -.0121826    .0107516
         38  |  -.0004139   .0057896    -0.07   0.943    -.0120546    .0112268
         39  |  -.0021402   .0055143    -0.39   0.700    -.0132275    .0089472
         40  |  -.0090533   .0060714    -1.49   0.142    -.0212606     .003154
         41  |  -.0133902   .0069955    -1.91   0.062    -.0274556    .0006752
         42  |  -.0166192    .007841    -2.12   0.039    -.0323845   -.0008539
         43  |  -.0155141   .0075463    -2.06   0.045    -.0306868   -.0003413
         44  |  -.0295561   .0082846    -3.57   0.001    -.0462134   -.0128988
         45  |  -.0443463   .0076042    -5.83   0.000    -.0596355   -.0290571
         46  |  -.0286165   .0149188    -1.92   0.061    -.0586127    .0013797
         47  |  -.0141508   .0233112    -0.61   0.547     -.061021    .0327194
         48  |  -.0605813   .0091073    -6.65   0.000    -.0788927   -.0422699
         49  |  -.0656687   .0084712    -7.75   0.000    -.0827011   -.0486363
             |
    educfyrs |   .0001471   .0001718     0.86   0.396    -.0001983    .0004925
   educfyrs2 |   .0000411   .0000116     3.54   0.001     .0000178    .0000644
      height |   .0004076   .0000446     9.14   0.000     .0003179    .0004973
        bmi1 |   .0002286   .0000618     3.70   0.001     .0001043    .0003528
       poor1 |  -.0011765    .000809    -1.45   0.152    -.0028032    .0004501
             |
       ncode |
         51  |   .0022707   .0009325     2.44   0.019     .0003958    .0041456
         68  |   -.006971   .0006301   -11.06   0.000    -.0082379   -.0057041
         76  |  -.0039303   .0006153    -6.39   0.000    -.0051674   -.0026933
        116  |   .0011605   .0004255     2.73   0.009      .000305     .002016
        120  |   .0145428   .0008587    16.94   0.000     .0128162    .0162693
        140  |   .0055282   .0004945    11.18   0.000      .004534    .0065225
        148  |   .0037985   .0008234     4.61   0.000      .002143     .005454
        170  |  -.0007177   .0006005    -1.20   0.238    -.0019251    .0004897
        174  |    .017463   .0005293    32.99   0.000     .0163988    .0185272
        178  |   .0169076   .0006912    24.46   0.000     .0155178    .0182975
        204  |   .0268229   .0005984    44.82   0.000     .0256197    .0280262
        214  |   .0042998   .0007893     5.45   0.000     .0027128    .0058867
        231  |  -.0017718   .0006464    -2.74   0.009    -.0030716    -.000472
        266  |    .011021   .0009362    11.77   0.000     .0091386    .0129034
        288  |   .0160266   .0006232    25.72   0.000     .0147735    .0172797
        320  |  -.0029662   .0004321    -6.86   0.000    -.0038349   -.0020974
        324  |   .0170839   .0005984    28.55   0.000     .0158807    .0182872
        332  |   .0084742   .0005921    14.31   0.000     .0072837    .0096647
        340  |  -.0044335   .0005992    -7.40   0.000    -.0056383   -.0032287
        356  |  -.0010187   .0002947    -3.46   0.001    -.0016113   -.0004261
        384  |   .0093919   .0005999    15.66   0.000     .0081857    .0105982
        398  |   .0006414   .0011498     0.56   0.580    -.0016704    .0029532
        404  |   .0047168   .0008586     5.49   0.000     .0029903    .0064432
        417  |  -.0051583   .0011481    -4.49   0.000    -.0074668   -.0028498
        426  |   .0054503   .0007567     7.20   0.000     .0039289    .0069718
        450  |  -.0001916   .0004693    -0.41   0.685    -.0011352    .0007519
        454  |   .0194291   .0005317    36.54   0.000       .01836    .0204981
        466  |   .0044587   .0008695     5.13   0.000     .0027104     .006207
        498  |   .0007005   .0009553     0.73   0.467    -.0012202    .0026213
        504  |    .004702   .0006207     7.57   0.000     .0034539      .00595
        508  |   .0091234   .0004528    20.15   0.000     .0082129    .0100339
        516  |   .0044381   .0008567     5.18   0.000     .0027156    .0061606
        524  |  -.0001133   .0010906    -0.10   0.918    -.0023061    .0020795
        558  |  -.0045388   .0007609    -5.97   0.000    -.0060687   -.0030089
        562  |   .0054335   .0008268     6.57   0.000     .0037711     .007096
        566  |   .0088889   .0008198    10.84   0.000     .0072406    .0105372
        604  |    -.00342   .0006973    -4.90   0.000    -.0048221   -.0020179
        646  |   .0011492   .0005929     1.94   0.058    -.0000429    .0023413
        686  |    .004783   .0007787     6.14   0.000     .0032172    .0063487
        716  |   .0118923   .0008579    13.86   0.000     .0101675    .0136172
        768  |   .0233163   .0005784    40.31   0.000     .0221534    .0244793
        792  |   .0018069   .0006419     2.81   0.007     .0005162    .0030975
        800  |   .0020042   .0007987     2.51   0.016     .0003983      .00361
        818  |   .0095356   .0008269    11.53   0.000     .0078729    .0111983
        834  |   .0113416   .0005821    19.48   0.000     .0101712     .012512
        854  |   .0079679   .0006977    11.42   0.000     .0065651    .0093707
        860  |  -.0046526   .0011541    -4.03   0.000     -.006973   -.0023321
        894  |   .0079021   .0008635     9.15   0.000     .0061659    .0096384
             |
       yearc |
       1924  |  -.0023515   .0003728    -6.31   0.000     -.003101    -.001602
       1925  |  -.0018126   .0004289    -4.23   0.000    -.0026751   -.0009502
       1926  |  -.0040475   .0004178    -9.69   0.000    -.0048876   -.0032074
       1927  |  -.0051211   .0005446    -9.40   0.000     -.006216   -.0040262
       1928  |   .0498629   .0005171    96.42   0.000     .0488232    .0509027
       1929  |  -.0055364   .0006361    -8.70   0.000    -.0068153   -.0042575
       1930  |  -.0086476   .0007589   -11.39   0.000    -.0101736   -.0071217
       1931  |  -.0070473   .0006712   -10.50   0.000    -.0083968   -.0056977
       1932  |  -.0068935   .0006361   -10.84   0.000    -.0081724   -.0056145
       1933  |  -.0093862   .0007435   -12.62   0.000    -.0108811   -.0078912
       1934  |  -.0071319   .0006635   -10.75   0.000    -.0084659   -.0057978
       1935  |   .0070502   .0007218     9.77   0.000      .005599    .0085014
       1936  |   .0108274   .0007904    13.70   0.000     .0092383    .0124165
       1937  |   .0061945   .0007987     7.76   0.000     .0045887    .0078004
       1938  |  -.0017396   .0008663    -2.01   0.050    -.0034813    2.22e-06
       1939  |  -.0118822   .0009472   -12.54   0.000    -.0137867   -.0099777
       1940  |  -.0009907   .0008779    -1.13   0.265    -.0027558    .0007744
       1941  |   .0036839   .0009426     3.91   0.000     .0017887    .0055792
       1942  |   .0022584   .0009231     2.45   0.018     .0004023    .0041145
       1943  |   .0138402   .0010781    12.84   0.000     .0116725     .016008
       1944  |  -.0042929   .0010129    -4.24   0.000    -.0063293   -.0022564
       1945  |  -.0033875   .0010064    -3.37   0.002     -.005411   -.0013641
       1946  |   .0058628   .0011536     5.08   0.000     .0035433    .0081823
       1947  |  -.0019914   .0011152    -1.79   0.080    -.0042336    .0002508
       1948  |   .0050426   .0011277     4.47   0.000     .0027751      .00731
       1949  |  -.0100322   .0011263    -8.91   0.000    -.0122968   -.0077677
       1950  |  -.0019682   .0012241    -1.61   0.114    -.0044295    .0004931
       1951  |  -.0110396   .0012195    -9.05   0.000    -.0134916   -.0085876
       1952  |   .0048536   .0011984     4.05   0.000     .0024441    .0072631
       1953  |   .0556289   .0011353    49.00   0.000     .0533462    .0579115
       1954  |  -.0103259   .0023501    -4.39   0.000    -.0150512   -.0056006
       1955  |  -.0054645   .0057997    -0.94   0.351    -.0171256    .0061965
       1956  |  -.0109602   .0037115    -2.95   0.005    -.0184227   -.0034977
       1957  |  -.0067212   .0042552    -1.58   0.121    -.0152768    .0018344
       1958  |  -.0049245   .0018265    -2.70   0.010    -.0085969   -.0012521
       1959  |  -.0069406   .0027767    -2.50   0.016    -.0125236   -.0013576
       1960  |   .0188559   .0064554     2.92   0.005     .0058764    .0318354
       1961  |   .0095418   .0078615     1.21   0.231    -.0062648    .0253483
       1962  |   .0018494   .0042679     0.43   0.667    -.0067317    .0104304
       1963  |   .0019295   .0070822     0.27   0.786    -.0123103    .0161693
       1964  |   .0060111   .0043353     1.39   0.172    -.0027055    .0147277
       1965  |   .0033551   .0037073     0.90   0.370    -.0040989    .0108092
       1966  |   .0071117   .0044028     1.62   0.113    -.0017406    .0159641
       1967  |   .0004003   .0040399     0.10   0.921    -.0077225    .0085231
       1968  |      .0006   .0027025     0.22   0.825    -.0048337    .0060337
       1969  |    .002043   .0023751     0.86   0.394    -.0027326    .0068185
       1970  |  -.0012452   .0023445    -0.53   0.598    -.0059591    .0034687
       1971  |   .0015597   .0022048     0.71   0.483    -.0028734    .0059927
       1972  |   .0001801   .0017377     0.10   0.918    -.0033139     .003674
       1973  |  -.0022159   .0019791    -1.12   0.268    -.0061952    .0017634
       1974  |  -.0008084   .0018136    -0.45   0.658    -.0044548    .0028381
       1975  |  -.0011429   .0020253    -0.56   0.575    -.0052151    .0029294
       1976  |   .0007606   .0020258     0.38   0.709    -.0033126    .0048338
       1977  |  -.0026209    .001613    -1.62   0.111     -.005864    .0006223
       1978  |  -.0014767   .0016738    -0.88   0.382     -.004842    .0018886
       1979  |  -.0013746   .0018586    -0.74   0.463    -.0051116    .0023624
       1980  |  -.0007495   .0012723    -0.59   0.559    -.0033076    .0018086
       1981  |  -.0016597   .0010345    -1.60   0.115    -.0037398    .0004203
       1982  |  -.0019681   .0011016    -1.79   0.080    -.0041831    .0002469
       1983  |   5.82e-06   .0010267     0.01   0.995    -.0020585    .0020701
       1984  |  -.0000959   .0009673    -0.10   0.921    -.0020408    .0018489
       1985  |  -.0011571    .001164    -0.99   0.325    -.0034974    .0011832
       1986  |  -.0010777   .0008403    -1.28   0.206    -.0027671    .0006117
       1987  |   .0010233   .0009393     1.09   0.281    -.0008653    .0029119
       1988  |  -.0006515   .0012922    -0.50   0.616    -.0032496    .0019465
       1989  |  -.0015578   .0010709    -1.45   0.152     -.003711    .0005954
       1990  |  -.0000329   .0012192    -0.03   0.979    -.0024843    .0024184
       1991  |  -3.48e-06   .0009013    -0.00   0.997    -.0018157    .0018088
       1992  |   .0007388   .0008678     0.85   0.399    -.0010061    .0024837
       1993  |   .0024537    .000903     2.72   0.009      .000638    .0042693
       1994  |  -.0004539   .0009088    -0.50   0.620    -.0022813    .0013734
       1995  |   .0021792   .0010358     2.10   0.041     .0000965     .004262
       1996  |   .0027048   .0009308     2.91   0.006     .0008333    .0045762
       1997  |   .0047836    .001205     3.97   0.000     .0023608    .0072064
       1998  |   .0023327   .0009377     2.49   0.016     .0004473    .0042181
       1999  |   .0008013   .0009544     0.84   0.405    -.0011177    .0027203
       2000  |   .0040402   .0011953     3.38   0.001     .0016369    .0064434
       2001  |   .0029021   .0019462     1.49   0.142    -.0010111    .0068153
       2002  |   .0043049   .0024595     1.75   0.086    -.0006402    .0092499
       2003  |   .0071378   .0022448     3.18   0.003     .0026242    .0116513
       2004  |   .0011149   .0027662     0.40   0.689     -.004447    .0066768
       2005  |   .0033399   .0048857     0.68   0.498    -.0064834    .0131631
       2006  |          0  (omitted)
             |
       _cons |   -.091168   .0087779   -10.39   0.000    -.1088171   -.0735188
------------------------------------------------------------------------------

. 
end of do-file

. tab may
variable may not found
r(111);

. tab agemay

  age ma at |
   birth of |
     child, |
    integer |
 year value |      Freq.     Percent        Cum.
------------+-----------------------------------
          7 |          5        0.00        0.00
          8 |          4        0.00        0.00
          9 |         29        0.00        0.00
         10 |        177        0.01        0.01
         11 |        498        0.02        0.03
         12 |      3,277        0.16        0.19
         13 |      8,831        0.42        0.61
         14 |     22,124        1.06        1.67
         15 |     44,191        2.11        3.79
         16 |     70,097        3.35        7.14
         17 |     98,414        4.71       11.85
         18 |    121,329        5.81       17.66
         19 |    137,360        6.57       24.23
         20 |    146,283        7.00       31.23
         21 |    144,928        6.93       38.16
         22 |    143,406        6.86       45.03
         23 |    135,489        6.48       51.51
         24 |    127,345        6.09       57.60
         25 |    117,036        5.60       63.20
         26 |    106,472        5.09       68.30
         27 |     96,652        4.62       72.92
         28 |     86,175        4.12       77.05
         29 |     76,566        3.66       80.71
         30 |     67,873        3.25       83.96
         31 |     58,575        2.80       86.76
         32 |     51,449        2.46       89.22
         33 |     44,469        2.13       91.35
         34 |     38,335        1.83       93.19
         35 |     32,273        1.54       94.73
         36 |     26,426        1.26       95.99
         37 |     21,648        1.04       97.03
         38 |     17,158        0.82       97.85
         39 |     13,789        0.66       98.51
         40 |     10,269        0.49       99.00
         41 |      7,333        0.35       99.35
         42 |      5,253        0.25       99.60
         43 |      3,454        0.17       99.77
         44 |      2,256        0.11       99.88
         45 |      1,341        0.06       99.94
         46 |        672        0.03       99.97
         47 |        364        0.02       99.99
         48 |        151        0.01      100.00
         49 |         31        0.00      100.00
------------+-----------------------------------
      Total |  2,089,807      100.00

. do "C:\Users\DAMIAN~1.CLA\AppData\Local\Temp\STD00000000.tmp"

. reg twind bord agemay i.educfyrs height bmi poor1 i.ncode i.yearc [pw=sweight] if v015==1, vce(cluster ncode)
(sum of wgt is   2.0311e+06)
note: 2006.yearc omitted because of collinearity

Linear regression                                      Number of obs = 2055633
                                                       F( 48,    48) =       .
                                                       Prob > F      =       .
                                                       R-squared     =  0.0118
                                                       Root MSE      =  .15219

                                 (Std. Err. adjusted for 49 clusters in ncode)
------------------------------------------------------------------------------
             |               Robust
       twind |      Coef.   Std. Err.      t    P>|t|     [95% Conf. Interval]
-------------+----------------------------------------------------------------
        bord |   .0079199   .0006734    11.76   0.000      .006566    .0092738
      agemay |  -.0008894   .0001276    -6.97   0.000     -.001146   -.0006329
             |
    educfyrs |
          1  |   .0016974   .0010518     1.61   0.113    -.0004173    .0038121
          2  |  -.0006437   .0007953    -0.81   0.422    -.0022427    .0009553
          3  |   .0020042   .0007848     2.55   0.014     .0004262    .0035822
          4  |   .0014542   .0006539     2.22   0.031     .0001394     .002769
          5  |   .0018502   .0009262     2.00   0.051    -.0000121    .0037125
          6  |   .0029938   .0009464     3.16   0.003      .001091    .0048966
          7  |   .0035221    .001004     3.51   0.001     .0015035    .0055408
          8  |   .0044269   .0016628     2.66   0.011     .0010836    .0077701
          9  |   .0044283   .0013292     3.33   0.002     .0017558    .0071007
         10  |   .0062654   .0012551     4.99   0.000     .0037419     .008789
         11  |    .009133   .0014776     6.18   0.000     .0061622    .0121038
         12  |   .0082273   .0017348     4.74   0.000     .0047393    .0117153
         13  |   .0094707    .001936     4.89   0.000     .0055781    .0133633
         14  |   .0134741   .0022786     5.91   0.000     .0088926    .0180556
         15  |    .013412   .0016024     8.37   0.000     .0101902    .0166339
         16  |   .0121211   .0016474     7.36   0.000     .0088088    .0154334
         17  |   .0139963   .0023718     5.90   0.000     .0092276    .0187651
         18  |   .0022287    .003085     0.72   0.474    -.0039742    .0084316
         19  |   .0213768   .0097308     2.20   0.033     .0018118    .0409418
         20  |     .02498   .0180958     1.38   0.174     -.011404     .061364
         21  |    .001666   .0130716     0.13   0.899    -.0246162    .0279482
         22  |   .1712973    .174146     0.98   0.330    -.1788468    .5214413
         23  |  -.0055096   .0062877    -0.88   0.385    -.0181518    .0071325
         24  |  -.0023739    .001536    -1.55   0.129    -.0054622    .0007145
         25  |    .001055   .0036406     0.29   0.773     -.006265    .0083749
         26  |   .2574285   .2851793     0.90   0.371     -.315963    .8308199
         27  |  -.0075297   .0020231    -3.72   0.001    -.0115975   -.0034619
             |
      height |   .0004059   .0000461     8.80   0.000     .0003132    .0004987
         bmi |   .0002328   .0000587     3.97   0.000     .0001148    .0003509
       poor1 |  -.0013094   .0007649    -1.71   0.093    -.0028472    .0002285
             |
       ncode |
         51  |   .0027089   .0007809     3.47   0.001     .0011388    .0042791
         68  |  -.0068498   .0005487   -12.48   0.000     -.007953   -.0057466
         76  |  -.0035555   .0005263    -6.76   0.000    -.0046138   -.0024973
        116  |   .0017649   .0002864     6.16   0.000      .001189    .0023408
        120  |   .0135299   .0008189    16.52   0.000     .0118833    .0151765
        140  |   .0056718   .0004532    12.52   0.000     .0047606    .0065831
        148  |   .0046928   .0008148     5.76   0.000     .0030546     .006331
        170  |  -.0007406   .0005749    -1.29   0.204    -.0018965    .0004154
        174  |   .0183546   .0004359    42.11   0.000     .0174781    .0192311
        178  |   .0190323   .0006993    27.22   0.000     .0176263    .0204384
        204  |    .027499   .0005256    52.32   0.000     .0264422    .0285558
        214  |    .004616   .0006952     6.64   0.000     .0032181    .0060139
        231  |  -.0015958   .0005532    -2.88   0.006    -.0027081   -.0004836
        266  |   .0129281   .0009313    13.88   0.000     .0110556    .0148006
        288  |   .0158883   .0005594    28.40   0.000     .0147635    .0170131
        320  |  -.0028245   .0003473    -8.13   0.000    -.0035227   -.0021263
        324  |    .017238   .0005723    30.12   0.000     .0160873    .0183886
        332  |   .0091841   .0004913    18.69   0.000     .0081963    .0101719
        340  |  -.0043232   .0005628    -7.68   0.000    -.0054547   -.0031917
        356  |  -.0005857   .0002564    -2.28   0.027    -.0011012   -.0000703
        384  |   .0084309   .0005605    15.04   0.000     .0073038    .0095579
        398  |   .0007492   .0010276     0.73   0.470     -.001317    .0028154
        404  |    .004659   .0008516     5.47   0.000     .0029468    .0063712
        417  |  -.0043954   .0010292    -4.27   0.000    -.0064648   -.0023261
        426  |   .0062683   .0007355     8.52   0.000     .0047895    .0077471
        450  |  -.0005849   .0004012    -1.46   0.151    -.0013916    .0002218
        454  |    .019582   .0005061    38.69   0.000     .0185644    .0205996
        466  |   .0048917   .0008348     5.86   0.000     .0032133    .0065701
        498  |   .0009097   .0008889     1.02   0.311    -.0008776     .002697
        504  |    .004981   .0005394     9.23   0.000     .0038965    .0060655
        508  |   .0092143   .0004386    21.01   0.000     .0083325     .010096
        516  |   .0054424   .0007742     7.03   0.000     .0038858     .006999
        524  |  -.0019827   .0008383    -2.37   0.022    -.0036682   -.0002972
        558  |  -.0045162   .0006923    -6.52   0.000    -.0059082   -.0031243
        562  |   .0050569   .0007997     6.32   0.000      .003449    .0066648
        566  |   .0100477   .0008078    12.44   0.000     .0084234    .0116719
        604  |  -.0033962   .0005648    -6.01   0.000    -.0045318   -.0022606
        646  |   .0023267    .000498     4.67   0.000     .0013253     .003328
        686  |    .003945   .0007234     5.45   0.000     .0024905    .0053995
        716  |   .0122592   .0007902    15.51   0.000     .0106705     .013848
        768  |   .0232621   .0004901    47.46   0.000     .0222767    .0242475
        792  |   .0020465   .0005756     3.56   0.001     .0008891    .0032039
        800  |   .0021385   .0007189     2.97   0.005      .000693    .0035841
        818  |   .0099707   .0007426    13.43   0.000     .0084776    .0114639
        834  |   .0115525   .0005999    19.26   0.000     .0103464    .0127586
        854  |   .0080326   .0006467    12.42   0.000     .0067323     .009333
        860  |  -.0040382   .0011047    -3.66   0.001    -.0062593   -.0018171
        894  |   .0084787   .0007977    10.63   0.000     .0068747    .0100827
             |
       yearc |
       1924  |  -.0012145   .0002373    -5.12   0.000    -.0016917   -.0007373
       1925  |  -.0005945   .0001581    -3.76   0.000    -.0009124   -.0002767
       1926  |  -.0022489   .0001754   -12.82   0.000    -.0026016   -.0018962
       1927  |    -.00376   .0002612   -14.40   0.000    -.0042852   -.0032349
       1928  |   .0520719   .0001996   260.93   0.000     .0516707    .0524732
       1929  |  -.0035174   .0002532   -13.89   0.000    -.0040265   -.0030082
       1930  |  -.0059173   .0004013   -14.74   0.000    -.0067242   -.0051104
       1931  |  -.0041418   .0002898   -14.29   0.000    -.0047245   -.0035591
       1932  |  -.0042891   .0003065   -14.00   0.000    -.0049053   -.0036729
       1933  |  -.0066531   .0004423   -15.04   0.000    -.0075424   -.0057638
       1934  |  -.0042778   .0003016   -14.18   0.000    -.0048842   -.0036714
       1935  |   .0087349   .0003935    22.20   0.000     .0079437    .0095261
       1936  |   .0122283   .0004083    29.95   0.000     .0114073    .0130493
       1937  |   .0084036   .0004337    19.38   0.000     .0075317    .0092756
       1938  |   .0076578   .0004845    15.80   0.000     .0066836    .0086321
       1939  |  -.0085863     .00056   -15.33   0.000    -.0097122   -.0074604
       1940  |   .0064026    .000514    12.46   0.000     .0053692    .0074361
       1941  |   .0052661   .0006027     8.74   0.000     .0040542    .0064779
       1942  |   .0042674   .0005633     7.58   0.000     .0031348       .0054
       1943  |   .0147198   .0006706    21.95   0.000     .0133714    .0160682
       1944  |  -.0019371   .0006555    -2.96   0.005    -.0032552   -.0006191
       1945  |  -.0012431   .0006523    -1.91   0.063    -.0025546    .0000684
       1946  |   .0071866   .0007531     9.54   0.000     .0056723    .0087009
       1947  |  -.0000129   .0007362    -0.02   0.986    -.0014931    .0014673
       1948  |   .0082118   .0007761    10.58   0.000     .0066514    .0097722
       1949  |  -.0074125   .0007547    -9.82   0.000      -.00893   -.0058951
       1950  |   .0012128   .0008785     1.38   0.174    -.0005535    .0029792
       1951  |  -.0074012   .0008758    -8.45   0.000    -.0091622   -.0056402
       1952  |   .0074575   .0008303     8.98   0.000     .0057882    .0091269
       1953  |   .0578692   .0008582    67.43   0.000     .0561436    .0595948
       1954  |   -.018775   .0010754   -17.46   0.000    -.0209373   -.0166128
       1955  |  -.0117837   .0047512    -2.48   0.017    -.0213365   -.0022308
       1956  |  -.0168233   .0050734    -3.32   0.002     -.027024   -.0066225
       1957  |  -.0100325   .0044448    -2.26   0.029    -.0189693   -.0010958
       1958  |  -.0081553   .0013179    -6.19   0.000    -.0108051   -.0055055
       1959  |   -.008497   .0027415    -3.10   0.003    -.0140092   -.0029848
       1960  |   .0154429   .0072133     2.14   0.037     .0009396    .0299461
       1961  |   .0069887   .0079502     0.88   0.384    -.0089962    .0229736
       1962  |  -.0003091   .0045688    -0.07   0.946    -.0094953    .0088771
       1963  |  -.0002371   .0066197    -0.04   0.972    -.0135468    .0130727
       1964  |   .0069148   .0051305     1.35   0.184    -.0034008    .0172304
       1965  |   .0015552   .0035634     0.44   0.664    -.0056096      .00872
       1966  |   .0056115   .0042268     1.33   0.191    -.0028871    .0141101
       1967  |   .0001104   .0041491     0.03   0.979    -.0082319    .0084527
       1968  |  -.0008582   .0027213    -0.32   0.754    -.0063299    .0046134
       1969  |   .0006555   .0026084     0.25   0.803     -.004589       .0059
       1970  |   -.001431   .0025551    -0.56   0.578    -.0065685    .0037064
       1971  |   .0010584   .0022007     0.48   0.633    -.0033664    .0054832
       1972  |  -.0006753   .0018591    -0.36   0.718    -.0044132    .0030627
       1973  |  -.0025383   .0020035    -1.27   0.211    -.0065665      .00149
       1974  |  -.0009316   .0018774    -0.50   0.622    -.0047064    .0028432
       1975  |  -.0009542   .0019791    -0.48   0.632    -.0049334    .0030251
       1976  |   .0012875   .0020108     0.64   0.525    -.0027555    .0053305
       1977  |  -.0022848   .0015656    -1.46   0.151    -.0054328    .0008631
       1978  |   -.000646    .001636    -0.39   0.695    -.0039353    .0026434
       1979  |  -.0005581   .0018386    -0.30   0.763    -.0042548    .0031385
       1980  |   .0003186    .001234     0.26   0.797    -.0021625    .0027997
       1981  |  -.0009729   .0010516    -0.93   0.359    -.0030872    .0011414
       1982  |   -.001029   .0010916    -0.94   0.351    -.0032238    .0011658
       1983  |     .00065   .0010535     0.62   0.540    -.0014681    .0027681
       1984  |   .0010569   .0009391     1.13   0.266    -.0008313    .0029452
       1985  |  -.0004948   .0010794    -0.46   0.649    -.0026651    .0016755
       1986  |   -.000076   .0008192    -0.09   0.926    -.0017231    .0015711
       1987  |   .0016334   .0008672     1.88   0.066    -.0001101     .003377
       1988  |   .0001537   .0012206     0.13   0.900    -.0023004    .0026078
       1989  |   -.001327   .0010232    -1.30   0.201    -.0033843    .0007302
       1990  |   .0002008   .0011678     0.17   0.864    -.0021473    .0025489
       1991  |   .0004097   .0008109     0.51   0.616    -.0012208    .0020401
       1992  |   .0012204   .0008255     1.48   0.146    -.0004395    .0028802
       1993  |   .0030195   .0009454     3.19   0.002     .0011186    .0049203
       1994  |    .000224   .0008005     0.28   0.781    -.0013855    .0018334
       1995  |   .0023182   .0009985     2.32   0.025     .0003106    .0043258
       1996  |   .0027358   .0008247     3.32   0.002     .0010776     .004394
       1997  |   .0042575   .0010883     3.91   0.000     .0020694    .0064457
       1998  |   .0015988   .0008449     1.89   0.065       -.0001    .0032976
       1999  |   .0007184   .0008781     0.82   0.417    -.0010472     .002484
       2000  |   .0036284   .0011839     3.06   0.004     .0012479    .0060088
       2001  |   .0020485   .0018172     1.13   0.265    -.0016052    .0057022
       2002  |   .0032503   .0022033     1.48   0.147    -.0011798    .0076803
       2003  |   .0069126   .0023575     2.93   0.005     .0021725    .0116526
       2004  |     .00066   .0027256     0.24   0.810    -.0048202    .0061403
       2005  |   .0033017    .004831     0.68   0.498    -.0064118    .0130152
       2006  |          0  (omitted)
             |
       _cons |  -.0556207   .0071815    -7.75   0.000      -.07006   -.0411814
------------------------------------------------------------------------------

. 
end of do-file

. do "C:\Users\DAMIAN~1.CLA\AppData\Local\Temp\STD00000000.tmp"

. reg twind bord agemay educfyrs educfyrs2 height bmi poor1 i.ncode i.yearc [pw=sweight] if v015==1, vce(cluster ncode)
(sum of wgt is   2.0311e+06)
note: 2006.yearc omitted because of collinearity

Linear regression                                      Number of obs = 2055633
                                                       F( 47,    48) =       .
                                                       Prob > F      =       .
                                                       R-squared     =  0.0118
                                                       Root MSE      =  .15219

                                 (Std. Err. adjusted for 49 clusters in ncode)
------------------------------------------------------------------------------
             |               Robust
       twind |      Coef.   Std. Err.      t    P>|t|     [95% Conf. Interval]
-------------+----------------------------------------------------------------
        bord |   .0079192   .0006725    11.78   0.000     .0065671    .0092714
      agemay |  -.0008905   .0001273    -6.99   0.000    -.0011465   -.0006344
    educfyrs |   .0002217   .0001677     1.32   0.192    -.0001155     .000559
   educfyrs2 |   .0000403   .0000114     3.55   0.001     .0000175    .0000632
      height |   .0004068   .0000462     8.81   0.000      .000314    .0004996
         bmi |    .000233   .0000583     4.00   0.000     .0001158    .0003502
       poor1 |  -.0013537   .0007772    -1.74   0.088    -.0029163    .0002088
             |
       ncode |
         51  |    .002765   .0008536     3.24   0.002     .0010487    .0044812
         68  |  -.0068296   .0005709   -11.96   0.000    -.0079774   -.0056818
         76  |  -.0032725   .0005457    -6.00   0.000    -.0043697   -.0021753
        116  |   .0018355   .0003258     5.63   0.000     .0011803    .0024907
        120  |   .0135447   .0008237    16.44   0.000     .0118885    .0152009
        140  |   .0057168   .0004547    12.57   0.000     .0048027     .006631
        148  |   .0047135   .0007976     5.91   0.000     .0031099    .0063171
        170  |  -.0005176   .0005593    -0.93   0.359    -.0016421    .0006069
        174  |   .0184001   .0004311    42.68   0.000     .0175333    .0192669
        178  |   .0189426   .0006808    27.82   0.000     .0175738    .0203114
        204  |    .027516    .000511    53.85   0.000     .0264885    .0285434
        214  |    .004661   .0007104     6.56   0.000     .0032327    .0060893
        231  |  -.0015638   .0005294    -2.95   0.005    -.0026281   -.0004994
        266  |   .0128871   .0009415    13.69   0.000     .0109942    .0147801
        288  |     .01588   .0005393    29.45   0.000     .0147957    .0169644
        320  |  -.0027853   .0003643    -7.65   0.000    -.0035178   -.0020529
        324  |   .0172224   .0005592    30.80   0.000     .0160981    .0183467
        332  |   .0092905   .0004807    19.33   0.000     .0083239    .0102571
        340  |  -.0041738   .0005672    -7.36   0.000    -.0053143   -.0030333
        356  |  -.0005613    .000278    -2.02   0.049    -.0011203   -2.35e-06
        384  |   .0084503   .0005591    15.11   0.000     .0073262    .0095745
        398  |   .0011971   .0010571     1.13   0.263    -.0009284    .0033227
        404  |   .0048086   .0007963     6.04   0.000     .0032075    .0064097
        417  |  -.0040161   .0010457    -3.84   0.000    -.0061186   -.0019136
        426  |   .0062593    .000716     8.74   0.000     .0048197    .0076989
        450  |  -.0005508   .0004151    -1.33   0.191    -.0013853    .0002838
        454  |   .0196216    .000478    41.05   0.000     .0186605    .0205826
        466  |   .0049054   .0008127     6.04   0.000     .0032714    .0065394
        498  |   .0012687   .0008942     1.42   0.162    -.0005293    .0030667
        504  |   .0049919   .0005289     9.44   0.000     .0039285    .0060553
        508  |    .009267   .0004224    21.94   0.000     .0084178    .0101162
        516  |    .005491   .0007559     7.26   0.000     .0039712    .0070109
        524  |   -.001997   .0008684    -2.30   0.026     -.003743   -.0002509
        558  |  -.0043854   .0007027    -6.24   0.000    -.0057984   -.0029724
        562  |   .0050754   .0007752     6.55   0.000     .0035168    .0066341
        566  |   .0101505   .0007843    12.94   0.000     .0085735    .0117275
        604  |  -.0031633   .0006305    -5.02   0.000     -.004431   -.0018956
        646  |   .0023788   .0004857     4.90   0.000     .0014022    .0033553
        686  |   .0039401   .0007149     5.51   0.000     .0025028    .0053774
        716  |    .012394   .0007878    15.73   0.000       .01081    .0139781
        768  |   .0232722   .0004914    47.36   0.000     .0222842    .0242601
        792  |   .0020511   .0005504     3.73   0.001     .0009445    .0031577
        800  |   .0022003   .0007476     2.94   0.005     .0006971    .0037034
        818  |   .0099212   .0007246    13.69   0.000     .0084644    .0113781
        834  |   .0115591   .0005202    22.22   0.000     .0105131     .012605
        854  |    .008049   .0006255    12.87   0.000     .0067912    .0093067
        860  |  -.0037332   .0010472    -3.57   0.001    -.0058387   -.0016278
        894  |   .0084935   .0007967    10.66   0.000     .0068916    .0100954
             |
       yearc |
       1924  |  -.0012178   .0002369    -5.14   0.000    -.0016941   -.0007414
       1925  |  -.0005925    .000158    -3.75   0.000    -.0009101   -.0002749
       1926  |  -.0022481   .0001741   -12.91   0.000    -.0025982    -.001898
       1927  |  -.0037575   .0002601   -14.45   0.000    -.0042804   -.0032345
       1928  |   .0520741    .000198   263.00   0.000      .051676    .0524722
       1929  |  -.0035165   .0002517   -13.97   0.000    -.0040225   -.0030105
       1930  |  -.0059155   .0003991   -14.82   0.000    -.0067179    -.005113
       1931  |  -.0041409   .0002882   -14.37   0.000    -.0047204   -.0035614
       1932  |  -.0042886   .0003047   -14.08   0.000    -.0049012    -.003676
       1933  |  -.0066588   .0004451   -14.96   0.000    -.0075536   -.0057639
       1934  |  -.0042816   .0002999   -14.27   0.000    -.0048847   -.0036785
       1935  |   .0087274   .0003972    21.97   0.000     .0079288     .009526
       1936  |   .0122248   .0004113    29.72   0.000     .0113979    .0130518
       1937  |   .0083949   .0004355    19.28   0.000     .0075193    .0092706
       1938  |   .0076462   .0004862    15.73   0.000     .0066687    .0086237
       1939  |   -.008595   .0005641   -15.24   0.000    -.0097292   -.0074607
       1940  |   .0064104   .0005139    12.47   0.000     .0053771    .0074436
       1941  |   .0052644    .000603     8.73   0.000      .004052    .0064767
       1942  |   .0042571   .0005638     7.55   0.000     .0031235    .0053908
       1943  |   .0147001   .0006754    21.76   0.000      .013342    .0160581
       1944  |  -.0019247   .0006558    -2.93   0.005    -.0032433   -.0006062
       1945  |  -.0012365   .0006569    -1.88   0.066    -.0025572    .0000843
       1946  |   .0071994   .0007598     9.48   0.000     .0056718     .008727
       1947  |   1.48e-06   .0007386     0.00   0.998    -.0014836    .0014865
       1948  |   .0082175    .000784    10.48   0.000     .0066412    .0097938
       1949  |  -.0074039   .0007645    -9.68   0.000    -.0089411   -.0058667
       1950  |   .0012251   .0008837     1.39   0.172    -.0005517     .003002
       1951  |   -.007385   .0008823    -8.37   0.000    -.0091589    -.005611
       1952  |   .0074649   .0008393     8.89   0.000     .0057774    .0091525
       1953  |   .0579682   .0008573    67.62   0.000     .0562444    .0596919
       1954  |  -.0188017   .0010883   -17.28   0.000    -.0209898   -.0166136
       1955  |  -.0118315    .004749    -2.49   0.016      -.02138    -.002283
       1956  |  -.0168845   .0050593    -3.34   0.002    -.0270568   -.0067122
       1957  |  -.0101148   .0044399    -2.28   0.027    -.0190418   -.0011879
       1958  |  -.0082099   .0013085    -6.27   0.000    -.0108407    -.005579
       1959  |  -.0085707   .0027423    -3.13   0.003    -.0140844   -.0030569
       1960  |   .0153947   .0072191     2.13   0.038     .0008796    .0299097
       1961  |   .0069767   .0079371     0.88   0.384     -.008982    .0229354
       1962  |  -.0003396   .0045281    -0.07   0.941    -.0094439    .0087647
       1963  |  -.0002803    .006635    -0.04   0.966    -.0136208    .0130601
       1964  |   .0068631   .0051287     1.34   0.187    -.0034487     .017175
       1965  |   .0014968   .0035522     0.42   0.675    -.0056453    .0086389
       1966  |   .0055661   .0042218     1.32   0.194    -.0029225    .0140547
       1967  |   .0000599   .0041361     0.01   0.989    -.0082562     .008376
       1968  |  -.0009058   .0027288    -0.33   0.741    -.0063924    .0045808
       1969  |   .0006209   .0026111     0.24   0.813    -.0046291    .0058709
       1970  |  -.0014772   .0025484    -0.58   0.565    -.0066011    .0036468
       1971  |   .0010154   .0022141     0.46   0.649    -.0034364    .0054671
       1972  |  -.0007137   .0018582    -0.38   0.703    -.0044499    .0030224
       1973  |  -.0025761    .001988    -1.30   0.201    -.0065732     .001421
       1974  |  -.0009626    .001885    -0.51   0.612    -.0047526    .0028274
       1975  |  -.0009862   .0019716    -0.50   0.619    -.0049502    .0029779
       1976  |   .0012514   .0020112     0.62   0.537    -.0027923    .0052951
       1977  |  -.0023227     .00159    -1.46   0.151    -.0055195    .0008742
       1978  |  -.0006779   .0016324    -0.42   0.680      -.00396    .0026042
       1979  |  -.0005998   .0018306    -0.33   0.745    -.0042805    .0030809
       1980  |   .0002837   .0012452     0.23   0.821      -.00222    .0027873
       1981  |  -.0009932   .0010284    -0.97   0.339    -.0030609    .0010744
       1982  |  -.0010701   .0010675    -1.00   0.321    -.0032164    .0010763
       1983  |   .0006119   .0010504     0.58   0.563       -.0015    .0027238
       1984  |   .0010273   .0009473     1.08   0.284    -.0008773    .0029319
       1985  |  -.0005284   .0010888    -0.49   0.630    -.0027176    .0016607
       1986  |  -.0001147   .0008141    -0.14   0.889    -.0017515    .0015222
       1987  |   .0016051   .0008608     1.86   0.068    -.0001256    .0033358
       1988  |   .0001159   .0012256     0.09   0.925    -.0023483    .0025801
       1989  |  -.0013702   .0010301    -1.33   0.190    -.0034414    .0007009
       1990  |   .0001619   .0011672     0.14   0.890     -.002185    .0025088
       1991  |    .000379   .0008144     0.47   0.644    -.0012584    .0020165
       1992  |   .0011773   .0008217     1.43   0.158    -.0004748    .0028294
       1993  |   .0029851   .0009339     3.20   0.002     .0011074    .0048628
       1994  |   .0001926   .0008061     0.24   0.812    -.0014282    .0018134
       1995  |   .0022867    .001013     2.26   0.029     .0002498    .0043235
       1996  |   .0027202   .0008137     3.34   0.002     .0010842    .0043561
       1997  |   .0042413   .0010812     3.92   0.000     .0020674    .0064153
       1998  |   .0016315   .0008077     2.02   0.049     7.60e-06    .0032554
       1999  |    .000724   .0008846     0.82   0.417    -.0010546    .0025026
       2000  |   .0036299   .0011653     3.12   0.003      .001287    .0059728
       2001  |   .0020751   .0018112     1.15   0.258    -.0015665    .0057167
       2002  |   .0032615   .0022058     1.48   0.146    -.0011735    .0076966
       2003  |   .0069477   .0023386     2.97   0.005     .0022457    .0116497
       2004  |   .0007191   .0027592     0.26   0.795    -.0048286    .0062668
       2005  |   .0034166   .0048599     0.70   0.485    -.0063549    .0131881
       2006  |          0  (omitted)
             |
       _cons |  -.0557158   .0071958    -7.74   0.000    -.0701839   -.0412477
------------------------------------------------------------------------------

. outreg2 bord agemay educfyrs educfyrs2 height bmi poor1 using $Base\Results\TwinEndog, tex(pr) replace 
H:\ExtendedEssay\Twins\Results\TwinEndog.tex
dir : seeout

. reg twind bord agemay i.educfyrs height bmi poor1 i.ncode i.yearc [pw=sweight] if v015==1, vce(cluster ncode)
(sum of wgt is   2.0311e+06)
note: 2006.yearc omitted because of collinearity

Linear regression                                      Number of obs = 2055633
                                                       F( 47,    48) =       .
                                                       Prob > F      =       .
                                                       R-squared     =  0.0118
                                                       Root MSE      =  .15219

                                 (Std. Err. adjusted for 49 clusters in ncode)
------------------------------------------------------------------------------
             |               Robust
       twind |      Coef.   Std. Err.      t    P>|t|     [95% Conf. Interval]
-------------+----------------------------------------------------------------
        bord |   .0079199   .0006734    11.76   0.000      .006566    .0092738
      agemay |  -.0008894   .0001276    -6.97   0.000     -.001146   -.0006329
             |
    educfyrs |
          1  |   .0016974   .0010518     1.61   0.113    -.0004173    .0038121
          2  |  -.0006437   .0007953    -0.81   0.422    -.0022427    .0009553
          3  |   .0020042   .0007848     2.55   0.014     .0004262    .0035822
          4  |   .0014542   .0006539     2.22   0.031     .0001394     .002769
          5  |   .0018502   .0009262     2.00   0.051    -.0000121    .0037125
          6  |   .0029938   .0009464     3.16   0.003      .001091    .0048966
          7  |   .0035221    .001004     3.51   0.001     .0015035    .0055408
          8  |   .0044269   .0016628     2.66   0.011     .0010836    .0077701
          9  |   .0044283   .0013292     3.33   0.002     .0017558    .0071007
         10  |   .0062654   .0012551     4.99   0.000     .0037419     .008789
         11  |    .009133   .0014776     6.18   0.000     .0061622    .0121038
         12  |   .0082273   .0017348     4.74   0.000     .0047393    .0117153
         13  |   .0094707    .001936     4.89   0.000     .0055781    .0133633
         14  |   .0134741   .0022786     5.91   0.000     .0088926    .0180556
         15  |    .013412   .0016024     8.37   0.000     .0101902    .0166339
         16  |   .0121211   .0016474     7.36   0.000     .0088088    .0154334
         17  |   .0139963   .0023718     5.90   0.000     .0092276    .0187651
         18  |   .0022287    .003085     0.72   0.474    -.0039742    .0084316
         19  |   .0213768   .0097308     2.20   0.033     .0018118    .0409418
         20  |     .02498   .0180958     1.38   0.174     -.011404     .061364
         21  |    .001666   .0130716     0.13   0.899    -.0246162    .0279482
         22  |   .1712973    .174146     0.98   0.330    -.1788468    .5214413
         23  |  -.0055096   .0062877    -0.88   0.385    -.0181518    .0071325
         24  |  -.0023739    .001536    -1.55   0.129    -.0054622    .0007145
         25  |    .001055   .0036406     0.29   0.773     -.006265    .0083749
         26  |   .2574285   .2851793     0.90   0.371     -.315963    .8308199
         27  |  -.0075297   .0020231    -3.72   0.001    -.0115975   -.0034619
             |
      height |   .0004059   .0000461     8.80   0.000     .0003132    .0004987
         bmi |   .0002328   .0000587     3.97   0.000     .0001148    .0003509
       poor1 |  -.0013094   .0007649    -1.71   0.093    -.0028472    .0002285
             |
       ncode |
         51  |   .0027089   .0007809     3.47   0.001     .0011388    .0042791
         68  |  -.0068498   .0005487   -12.48   0.000     -.007953   -.0057466
         76  |  -.0035555   .0005263    -6.76   0.000    -.0046138   -.0024973
        116  |   .0017649   .0002864     6.16   0.000      .001189    .0023408
        120  |   .0135299   .0008189    16.52   0.000     .0118833    .0151765
        140  |   .0056718   .0004532    12.52   0.000     .0047606    .0065831
        148  |   .0046928   .0008148     5.76   0.000     .0030546     .006331
        170  |  -.0007406   .0005749    -1.29   0.204    -.0018965    .0004154
        174  |   .0183546   .0004359    42.11   0.000     .0174781    .0192311
        178  |   .0190323   .0006993    27.22   0.000     .0176263    .0204384
        204  |    .027499   .0005256    52.32   0.000     .0264422    .0285558
        214  |    .004616   .0006952     6.64   0.000     .0032181    .0060139
        231  |  -.0015958   .0005532    -2.88   0.006    -.0027081   -.0004836
        266  |   .0129281   .0009313    13.88   0.000     .0110556    .0148006
        288  |   .0158883   .0005594    28.40   0.000     .0147635    .0170131
        320  |  -.0028245   .0003473    -8.13   0.000    -.0035227   -.0021263
        324  |    .017238   .0005723    30.12   0.000     .0160873    .0183886
        332  |   .0091841   .0004913    18.69   0.000     .0081963    .0101719
        340  |  -.0043232   .0005628    -7.68   0.000    -.0054547   -.0031917
        356  |  -.0005857   .0002564    -2.28   0.027    -.0011012   -.0000703
        384  |   .0084309   .0005605    15.04   0.000     .0073038    .0095579
        398  |   .0007492   .0010276     0.73   0.470     -.001317    .0028154
        404  |    .004659   .0008516     5.47   0.000     .0029468    .0063712
        417  |  -.0043954   .0010292    -4.27   0.000    -.0064648   -.0023261
        426  |   .0062683   .0007355     8.52   0.000     .0047895    .0077471
        450  |  -.0005849   .0004012    -1.46   0.151    -.0013916    .0002218
        454  |    .019582   .0005061    38.69   0.000     .0185644    .0205996
        466  |   .0048917   .0008348     5.86   0.000     .0032133    .0065701
        498  |   .0009097   .0008889     1.02   0.311    -.0008776     .002697
        504  |    .004981   .0005394     9.23   0.000     .0038965    .0060655
        508  |   .0092143   .0004386    21.01   0.000     .0083325     .010096
        516  |   .0054424   .0007742     7.03   0.000     .0038858     .006999
        524  |  -.0019827   .0008383    -2.37   0.022    -.0036682   -.0002972
        558  |  -.0045162   .0006923    -6.52   0.000    -.0059082   -.0031243
        562  |   .0050569   .0007997     6.32   0.000      .003449    .0066648
        566  |   .0100477   .0008078    12.44   0.000     .0084234    .0116719
        604  |  -.0033962   .0005648    -6.01   0.000    -.0045318   -.0022606
        646  |   .0023267    .000498     4.67   0.000     .0013253     .003328
        686  |    .003945   .0007234     5.45   0.000     .0024905    .0053995
        716  |   .0122592   .0007902    15.51   0.000     .0106705     .013848
        768  |   .0232621   .0004901    47.46   0.000     .0222767    .0242475
        792  |   .0020465   .0005756     3.56   0.001     .0008891    .0032039
        800  |   .0021385   .0007189     2.97   0.005      .000693    .0035841
        818  |   .0099707   .0007426    13.43   0.000     .0084776    .0114639
        834  |   .0115525   .0005999    19.26   0.000     .0103464    .0127586
        854  |   .0080326   .0006467    12.42   0.000     .0067323     .009333
        860  |  -.0040382   .0011047    -3.66   0.001    -.0062593   -.0018171
        894  |   .0084787   .0007977    10.63   0.000     .0068747    .0100827
             |
       yearc |
       1924  |  -.0012145   .0002373    -5.12   0.000    -.0016917   -.0007373
       1925  |  -.0005945   .0001581    -3.76   0.000    -.0009124   -.0002767
       1926  |  -.0022489   .0001754   -12.82   0.000    -.0026016   -.0018962
       1927  |    -.00376   .0002612   -14.40   0.000    -.0042852   -.0032349
       1928  |   .0520719   .0001996   260.93   0.000     .0516707    .0524732
       1929  |  -.0035174   .0002532   -13.89   0.000    -.0040265   -.0030082
       1930  |  -.0059173   .0004013   -14.74   0.000    -.0067242   -.0051104
       1931  |  -.0041418   .0002898   -14.29   0.000    -.0047245   -.0035591
       1932  |  -.0042891   .0003065   -14.00   0.000    -.0049053   -.0036729
       1933  |  -.0066531   .0004423   -15.04   0.000    -.0075424   -.0057638
       1934  |  -.0042778   .0003016   -14.18   0.000    -.0048842   -.0036714
       1935  |   .0087349   .0003935    22.20   0.000     .0079437    .0095261
       1936  |   .0122283   .0004083    29.95   0.000     .0114073    .0130493
       1937  |   .0084036   .0004337    19.38   0.000     .0075317    .0092756
       1938  |   .0076578   .0004845    15.80   0.000     .0066836    .0086321
       1939  |  -.0085863     .00056   -15.33   0.000    -.0097122   -.0074604
       1940  |   .0064026    .000514    12.46   0.000     .0053692    .0074361
       1941  |   .0052661   .0006027     8.74   0.000     .0040542    .0064779
       1942  |   .0042674   .0005633     7.58   0.000     .0031348       .0054
       1943  |   .0147198   .0006706    21.95   0.000     .0133714    .0160682
       1944  |  -.0019371   .0006555    -2.96   0.005    -.0032552   -.0006191
       1945  |  -.0012431   .0006523    -1.91   0.063    -.0025546    .0000684
       1946  |   .0071866   .0007531     9.54   0.000     .0056723    .0087009
       1947  |  -.0000129   .0007362    -0.02   0.986    -.0014931    .0014673
       1948  |   .0082118   .0007761    10.58   0.000     .0066514    .0097722
       1949  |  -.0074125   .0007547    -9.82   0.000      -.00893   -.0058951
       1950  |   .0012128   .0008785     1.38   0.174    -.0005535    .0029792
       1951  |  -.0074012   .0008758    -8.45   0.000    -.0091622   -.0056402
       1952  |   .0074575   .0008303     8.98   0.000     .0057882    .0091269
       1953  |   .0578692   .0008582    67.43   0.000     .0561436    .0595948
       1954  |   -.018775   .0010754   -17.46   0.000    -.0209373   -.0166128
       1955  |  -.0117837   .0047512    -2.48   0.017    -.0213365   -.0022308
       1956  |  -.0168233   .0050734    -3.32   0.002     -.027024   -.0066225
       1957  |  -.0100325   .0044448    -2.26   0.029    -.0189693   -.0010958
       1958  |  -.0081553   .0013179    -6.19   0.000    -.0108051   -.0055055
       1959  |   -.008497   .0027415    -3.10   0.003    -.0140092   -.0029848
       1960  |   .0154429   .0072133     2.14   0.037     .0009396    .0299461
       1961  |   .0069887   .0079502     0.88   0.384    -.0089962    .0229736
       1962  |  -.0003091   .0045688    -0.07   0.946    -.0094953    .0088771
       1963  |  -.0002371   .0066197    -0.04   0.972    -.0135468    .0130727
       1964  |   .0069148   .0051305     1.35   0.184    -.0034008    .0172304
       1965  |   .0015552   .0035634     0.44   0.664    -.0056096      .00872
       1966  |   .0056115   .0042268     1.33   0.191    -.0028871    .0141101
       1967  |   .0001104   .0041491     0.03   0.979    -.0082319    .0084527
       1968  |  -.0008582   .0027213    -0.32   0.754    -.0063299    .0046134
       1969  |   .0006555   .0026084     0.25   0.803     -.004589       .0059
       1970  |   -.001431   .0025551    -0.56   0.578    -.0065685    .0037064
       1971  |   .0010584   .0022007     0.48   0.633    -.0033664    .0054832
       1972  |  -.0006753   .0018591    -0.36   0.718    -.0044132    .0030627
       1973  |  -.0025383   .0020035    -1.27   0.211    -.0065665      .00149
       1974  |  -.0009316   .0018774    -0.50   0.622    -.0047064    .0028432
       1975  |  -.0009542   .0019791    -0.48   0.632    -.0049334    .0030251
       1976  |   .0012875   .0020108     0.64   0.525    -.0027555    .0053305
       1977  |  -.0022848   .0015656    -1.46   0.151    -.0054328    .0008631
       1978  |   -.000646    .001636    -0.39   0.695    -.0039353    .0026434
       1979  |  -.0005581   .0018386    -0.30   0.763    -.0042548    .0031385
       1980  |   .0003186    .001234     0.26   0.797    -.0021625    .0027997
       1981  |  -.0009729   .0010516    -0.93   0.359    -.0030872    .0011414
       1982  |   -.001029   .0010916    -0.94   0.351    -.0032238    .0011658
       1983  |     .00065   .0010535     0.62   0.540    -.0014681    .0027681
       1984  |   .0010569   .0009391     1.13   0.266    -.0008313    .0029452
       1985  |  -.0004948   .0010794    -0.46   0.649    -.0026651    .0016755
       1986  |   -.000076   .0008192    -0.09   0.926    -.0017231    .0015711
       1987  |   .0016334   .0008672     1.88   0.066    -.0001101     .003377
       1988  |   .0001537   .0012206     0.13   0.900    -.0023004    .0026078
       1989  |   -.001327   .0010232    -1.30   0.201    -.0033843    .0007302
       1990  |   .0002008   .0011678     0.17   0.864    -.0021473    .0025489
       1991  |   .0004097   .0008109     0.51   0.616    -.0012208    .0020401
       1992  |   .0012204   .0008255     1.48   0.146    -.0004395    .0028802
       1993  |   .0030195   .0009454     3.19   0.002     .0011186    .0049203
       1994  |    .000224   .0008005     0.28   0.781    -.0013855    .0018334
       1995  |   .0023182   .0009985     2.32   0.025     .0003106    .0043258
       1996  |   .0027358   .0008247     3.32   0.002     .0010776     .004394
       1997  |   .0042575   .0010883     3.91   0.000     .0020694    .0064457
       1998  |   .0015988   .0008449     1.89   0.065       -.0001    .0032976
       1999  |   .0007184   .0008781     0.82   0.417    -.0010472     .002484
       2000  |   .0036284   .0011839     3.06   0.004     .0012479    .0060088
       2001  |   .0020485   .0018172     1.13   0.265    -.0016052    .0057022
       2002  |   .0032503   .0022033     1.48   0.147    -.0011798    .0076803
       2003  |   .0069126   .0023575     2.93   0.005     .0021725    .0116526
       2004  |     .00066   .0027256     0.24   0.810    -.0048202    .0061403
       2005  |   .0033017    .004831     0.68   0.498    -.0064118    .0130152
       2006  |          0  (omitted)
             |
       _cons |  -.0556207   .0071815    -7.75   0.000      -.07006   -.0411814
------------------------------------------------------------------------------

. outreg2 bord agemay educfyrs educfyrs2 height bmi poor1 using $Base\Results\TwinEndog, tex(pr) append
H:\ExtendedEssay\Twins\Results\TwinEndog.tex
dir : seeout

. 
end of do-file

. clear all

. do "C:\Users\DAMIAN~1.CLA\AppData\Local\Temp\STD00000000.tmp"

. use $Data\DHS_Base, clear
file \DHS_Base.dta not found
r(601);

end of do-file

r(601);

. do "C:\Users\DAMIAN~1.CLA\AppData\Local\Temp\STD00000000.tmp"

. clear all

. version 11.2

. cap log close
