--------------------------------------------------------------------------------------------------------
      name:  <unnamed>
       log:  H:\ExtendedEssay\Twins\Log\20120510_TwinRegressions.txt
  log type:  text
 opened on:  30 May 2012, 17:57:59

. 
. *TWIN PREDICT CONTROLS
. global twinpredict bord agemay educf_* height bmi aiquin i.yearc country2- country46

. global twinpredict_i i.bord agemay educf_* height bmi aiquin i.yearc country2- country46

. 
. *Q-Q CONTROLS
. global basic  malec agemay age17-age38 yearc1-yearc88 country1-country46 /*
> */ borddummy2 borddummy3 borddummy4 borddummy5 borddummy6 borddummy7

. global socioeconomic educf_* poor1 malec agemay age17-age38 yearc1-yearc88/*
> */ country1-country46 borddummy2 borddummy3 borddummy4 borddummy5 borddummy6 borddummy7

. global allcontrols educf_* poor1 height bmi malec agemay age17-age38 yearc1-yearc88/*
> */ country1-country46 borddummy2 borddummy3 borddummy4 borddummy5 borddummy6 borddummy7

. 
. *OUTREG Q-Q
. global basic_out fert malec agemay borddummy2 borddummy3 borddummy4 

. global socioeconomic_out fert malec agemay educf_* poor1 borddummy2 borddummy3 borddummy4 borddummy5 b
> orddummy6 borddummy7 

. global all_out fert malec agemay educf_* bmi poor1 height borddummy2 borddummy3 borddummy4 borddummy5 
> borddummy6 borddummy7

. 
. *______________________________________________________________________________*
. *                                                                                                     
>                                                  *
. *REGRESSIONS FOR TABLE 2 (Predict twins)
. use $Data\DHS_Base, clear

. 
. drop if height<80|height>240 //THIS IS 1728 OBSERVATIONS
(584350 observations deleted)

. rename educf_0 educf00

. 
. 
end of do-file

. h xtdes

. xtdes
must specify panelvar and timevar; use xtset
r(459);

. h xt

. h sd

. egen
invalid syntax
r(198);

. h egen

. sum $twinpredict

    Variable |       Obs        Mean    Std. Dev.       Min        Max
-------------+--------------------------------------------------------
        bord |   1114012    3.313994    2.270012          1         18
      agemay |   1114012    25.05538     6.13404          7         49
   educf_1_4 |   1114012    .1681687    .3740162          0          1
   educf_5_6 |   1114012    .1336772    .3403053          0          1
  educf_7_10 |   1114012    .1587855    .3654761          0          1
-------------+--------------------------------------------------------
educf_11plus |   1114012    .0986803    .2982324          0          1
      height |   1114012    155.8334    7.136697         80      230.5
         bmi |   1111204    23.56862    5.012857      12.01      59.98
      aiquin |   1112298    2.880536    1.394676          1          5
-------------+--------------------------------------------------------
             |
       yearc |
       1928  |   1114012    4.49e-06    .0021186          0          1
       1929  |   1114012    3.59e-06    .0018949          0          1
       1930  |   1114012    4.49e-06    .0021186          0          1
       1931  |   1114012    7.18e-06    .0026798          0          1
       1932  |   1114012    .0000144    .0037898          0          1
-------------+--------------------------------------------------------
       1933  |   1114012    .0000117    .0034161          0          1
       1934  |   1114012    .0000314    .0056051          0          1
       1935  |   1114012    .0000332     .005763          0          1
       1936  |   1114012    .0000485    .0069621          0          1
       1937  |   1114012    .0000772    .0087859          0          1
-------------+--------------------------------------------------------
       1938  |   1114012    .0000934    .0096617          0          1
       1939  |   1114012    .0000925    .0096151          0          1
       1940  |   1114012    .0001643    .0128158          0          1
       1941  |   1114012    .0001463    .0120953          0          1
       1942  |   1114012    .0001759    .0132631          0          1
-------------+--------------------------------------------------------
       1943  |   1114012    .0002271    .0150684          0          1
       1944  |   1114012    .0002567    .0160207          0          1
       1945  |   1114012    .0003214    .0179237          0          1
       1946  |   1114012    .0003653    .0191105          0          1
       1947  |   1114012    .0004434    .0210534          0          1
-------------+--------------------------------------------------------
       1948  |   1114012    .0005269    .0229488          0          1
       1949  |   1114012    .0005099    .0225745          0          1
       1950  |   1114012    .0008689    .0294648          0          1
       1951  |   1114012    .0009865    .0313935          0          1
       1952  |   1114012    .0009749    .0312075          0          1
-------------+--------------------------------------------------------
       1953  |   1114012    .0000233     .004831          0          1
       1959  |   1114012    8.98e-07    .0009474          0          1
       1961  |   1114012    6.28e-06    .0025067          0          1
       1962  |   1114012    8.08e-06    .0028423          0          1
       1963  |   1114012    .0000233     .004831          0          1
-------------+--------------------------------------------------------
       1964  |   1114012    .0000512    .0071529          0          1
       1965  |   1114012    .0000691    .0083135          0          1
       1966  |   1114012    .0001724    .0131271          0          1
       1967  |   1114012     .000219     .014798          0          1
       1968  |   1114012    .0004946    .0222343          0          1
-------------+--------------------------------------------------------
       1969  |   1114012    .0005206    .0228116          0          1
       1970  |   1114012    .0009578    .0309335          0          1
       1971  |   1114012    .0013043    .0360915          0          1
       1972  |   1114012    .0019371    .0439704          0          1
       1973  |   1114012     .002982    .0545264          0          1
-------------+--------------------------------------------------------
       1974  |   1114012    .0036472    .0602817          0          1
       1975  |   1114012    .0049236    .0699958          0          1
       1976  |   1114012    .0065601    .0807282          0          1
       1977  |   1114012    .0078698    .0883619          0          1
       1978  |   1114012    .0104182    .1015365          0          1
-------------+--------------------------------------------------------
       1979  |   1114012    .0124487    .1108771          0          1
       1980  |   1114012    .0166093    .1278025          0          1
       1981  |   1114012    .0179343    .1327127          0          1
       1982  |   1114012      .02234    .1477867          0          1
       1983  |   1114012    .0253848     .157291          0          1
-------------+--------------------------------------------------------
       1984  |   1114012    .0285464    .1665278          0          1
       1985  |   1114012    .0323874    .1770269          0          1
       1986  |   1114012    .0369457    .1886287          0          1
       1987  |   1114012    .0391567    .1939677          0          1
       1988  |   1114012    .0451853    .2077105          0          1
-------------+--------------------------------------------------------
       1989  |   1114012    .0466216    .2108271          0          1
       1990  |   1114012    .0532014     .224435          0          1
       1991  |   1114012    .0530057     .224045          0          1
       1992  |   1114012    .0558459     .229624          0          1
       1993  |   1114012    .0538764    .2257738          0          1
-------------+--------------------------------------------------------
       1994  |   1114012     .055591    .2291302          0          1
       1995  |   1114012    .0549473    .2278776          0          1
       1996  |   1114012    .0527328    .2234997          0          1
       1997  |   1114012    .0495066    .2169234          0          1
       1998  |   1114012    .0448514    .2069778          0          1
-------------+--------------------------------------------------------
       1999  |   1114012    .0379466    .1910673          0          1
       2000  |   1114012    .0331038    .1789076          0          1
       2001  |   1114012    .0234899    .1514534          0          1
       2002  |   1114012    .0215868    .1453302          0          1
       2003  |   1114012    .0205913    .1420118          0          1
-------------+--------------------------------------------------------
       2004  |   1114012      .01285     .112627          0          1
       2005  |   1114012    .0044991     .066924          0          1
       2006  |   1114012    .0002343    .0153047          0          1
             |
    country2 |   1114012    .0282654    .1657302          0          1
    country3 |   1114012    .0134442    .1151671          0          1
-------------+--------------------------------------------------------
    country4 |   1114012    .0357689    .1857136          0          1
    country5 |   1114012    .0356046    .1853024          0          1
    country6 |   1114012    .0105744    .1022868          0          1
    country7 |   1114012    .0090771    .0948405          0          1
    country8 |   1114012     .017454    .1309557          0          1
-------------+--------------------------------------------------------
    country9 |   1114012    .0529545    .2239429          0          1
   country10 |   1114012    .0020862    .0456268          0          1
   country11 |   1114012    .0069649     .083165          0          1
   country12 |   1114012    .0090286    .0945892          0          1
   country13 |   1114012    .0039775     .062942          0          1
-------------+--------------------------------------------------------
   country14 |   1114012    .1014738    .3019552          0          1
   country15 |   1114012    .0154352     .123276          0          1
   country16 |   1114012    .0135304    .1155306          0          1
   country17 |   1114012    .0162637    .1264881          0          1
   country18 |   1114012    .0277457    .1642433          0          1
-------------+--------------------------------------------------------
   country19 |   1114012    .1243936    .3300302          0          1
   country20 |   1114012           0           0          0          0
   country21 |   1114012    .0041786    .0645068          0          1
   country22 |   1114012    .0268615    .1616786          0          1
   country23 |   1114012    .0042118    .0647616          0          1
-------------+--------------------------------------------------------
   country24 |   1114012    .0181955    .1336579          0          1
   country25 |   1114012    .0425543    .2018501          0          1
   country26 |   1114012     .031234    .1739495          0          1
   country27 |   1114012    .0281685     .165454          0          1
   country28 |   1114012    .0225177      .14836          0          1
-------------+--------------------------------------------------------
   country29 |   1114012    .0034596    .0587163          0          1
   country30 |   1114012    .0202404    .1408215          0          1
   country31 |   1114012    .0378811    .1909088          0          1
   country32 |   1114012    .0134819    .1153263          0          1
   country33 |   1114012    .0149675    .1214229          0          1
-------------+--------------------------------------------------------
   country34 |   1114012           0           0          0          0
   country35 |   1114012    .0531538    .2243402          0          1
   country36 |   1114012           0           0          0          0
   country37 |   1114012    .0234809    .1514251          0          1
   country38 |   1114012    .0126632    .1118163          0          1
-------------+--------------------------------------------------------
   country39 |   1114012           0           0          0          0
   country40 |   1114012    .0335005    .1799397          0          1
   country41 |   1114012    .0063401    .0793723          0          1
   country42 |   1114012    .0088428    .0936196          0          1
   country43 |   1114012     .016279    .1265465          0          1
-------------+--------------------------------------------------------
   country44 |   1114012           0           0          0          0
   country45 |   1114012    .0290948    .1680725          0          1
   country46 |   1114012    .0107243    .1030015          0          1

. di 0.547*2.27
1.24169

. di 0.0370*6.13
.22681

. di 0.0416*7.136697
.2968866

. di 0.0235* 5.012857
.11780214

. di 0.0573*1.394676
.07991493

. di 0.0129*2.27
.029283

. di 0.00417*6.13
.0255621

. 0.00259*7.136697
unrecognized command:  0.00259 invalid command name
r(199);

. di 0.00259*7.136697
.01848405

. di 0.00386* 5.012857
.01934963

. di 0.0127*1.394676
.01771239

. sum bord agemay educf_* height bmi aiquin if income_status=="LOWINCOME"

    Variable |       Obs        Mean    Std. Dev.       Min        Max
-------------+--------------------------------------------------------
        bord |    448538    3.615063     2.36786          1         18
      agemay |    448538    25.40121    6.427169          7         49
   educf_1_4 |    448538    .1749372    .3799138          0          1
   educf_5_6 |    448538    .0989526    .2985987          0          1
  educf_7_10 |    448538    .1435285    .3506114          0          1
-------------+--------------------------------------------------------
educf_11plus |    448538    .0335178    .1799845          0          1
      height |    448538    157.4578    7.106153         80      199.8
         bmi |    447350     21.7909    3.600766      12.02      59.98
      aiquin |    447920    2.886134    1.379395          1          5

. do "C:\Users\DAMIAN~1.CLA\AppData\Local\Temp\STD00000000.tmp"

. reg twind100 $twinpredict [pw=sweight]
(sum of wgt is   1.0962e+06)
note: country20 omitted because of collinearity
note: country34 omitted because of collinearity
note: country36 omitted because of collinearity
note: country39 omitted because of collinearity
note: country44 omitted because of collinearity

Linear regression                                      Number of obs = 1109497
                                                       F(120,1109374) =       .
                                                       Prob > F      =       .
                                                       R-squared     =  0.0095
                                                       Root MSE      =  13.755

------------------------------------------------------------------------------
             |               Robust
    twind100 |      Coef.   Std. Err.      t    P>|t|     [95% Conf. Interval]
-------------+----------------------------------------------------------------
        bord |   .5474622   .0128852    42.49   0.000     .5222077    .5727167
      agemay |  -.0369635   .0041672    -8.87   0.000    -.0451312   -.0287958
   educf_1_4 |   .0770486   .0469088     1.64   0.100     -.014891    .1689882
   educf_5_6 |   .2415232   .0513002     4.71   0.000     .1409765    .3420699
  educf_7_10 |   .4752501   .0533769     8.90   0.000     .3706333    .5798669
educf_11plus |    .854185    .067854    12.59   0.000     .7211935    .9871764
      height |   .0415531   .0025892    16.05   0.000     .0364784    .0466278
         bmi |   .0235435   .0038582     6.10   0.000     .0159817    .0311054
      aiquin |   .0573473   .0126605     4.53   0.000     .0325331    .0821615
             |
       yearc |
       1928  |   .4224141    .103433     4.08   0.000      .219689    .6251393
       1929  |   .4231944   .0899661     4.70   0.000     .2468638    .5995249
       1930  |   .0921262   .2082289     0.44   0.658    -.3159954    .5002478
       1931  |    .121429   .1354292     0.90   0.370    -.1440077    .3868657
       1932  |  -.0400565   .1519791    -0.26   0.792    -.3379303    .2578173
       1933  |   .2216668   .1255437     1.77   0.077    -.0243947    .4677283
       1934  |   .1604658   .1143652     1.40   0.161     -.063686    .3846177
       1935  |  -.1365837    .155855    -0.88   0.381    -.4420543     .168887
       1936  |  -.0200114   .1033051    -0.19   0.846     -.222486    .1824631
       1937  |  -.0991538   .0942189    -1.05   0.293    -.2838196     .085512
       1938  |  -.1617312   .0961456    -1.68   0.093    -.3501733    .0267109
       1939  |  -.1670295   .0785356    -2.13   0.033    -.3209566   -.0131025
       1940  |   .9677347   .7886734     1.23   0.220    -.5780384    2.513508
       1941  |  -.2291524   .0719203    -3.19   0.001    -.3701138    -.088191
       1942  |  -.2386497   .0701795    -3.40   0.001    -.3761991   -.1011004
       1943  |   .7111903   .6038329     1.18   0.239    -.4723017    1.894682
       1944  |  -.2073018   .1653143    -1.25   0.210    -.5313123    .1167087
       1945  |  -.3666073   .0592538    -6.19   0.000    -.4827427   -.2504718
       1946  |  -.1170092     .27591    -0.42   0.672    -.6577836    .4237651
       1947  |   .1965225   .3575189     0.55   0.583    -.5042024    .8972473
       1948  |   1.039911   .5425392     1.92   0.055    -.0234475    2.103269
       1949  |  -.5051067   .0567769    -8.90   0.000    -.6163875   -.3938259
       1950  |   .9095886     .37859     2.40   0.016     .1675651    1.651612
       1951  |  -.4862971   .1577776    -3.08   0.002    -.7955359   -.1770583
       1952  |   .9987638   .4233968     2.36   0.018     .1689206    1.828607
       1953  |   7.450598   5.456242     1.37   0.172    -3.243452    18.14465
       1959  |  -1.368594   .1221442   -11.20   0.000    -1.607993   -1.129196
       1961  |  -.9772484   .2279349    -4.29   0.000    -1.423993   -.5305037
       1962  |  -1.143331   .2060636    -5.55   0.000    -1.547209   -.7394539
       1963  |  -.8379822   .1872295    -4.48   0.000    -1.204946   -.4710187
       1964  |  -.8368871   .1258052    -6.65   0.000    -1.083461   -.5903132
       1965  |  -.8647459   .1246974    -6.93   0.000    -1.109149   -.6203431
       1966  |   -.195688   .5147317    -0.38   0.704    -1.204545    .8131687
       1967  |  -.6556706   .2435881    -2.69   0.007    -1.133095   -.1782462
       1968  |   .2840119   .4048486     0.70   0.483    -.5094777    1.077501
       1969  |  -.9296292   .0985808    -9.43   0.000    -1.122844   -.7364143
       1970  |   .1688393   .4059668     0.42   0.677    -.6268419    .9645205
       1971  |  -.0418854   .3001387    -0.14   0.889     -.630147    .5463763
       1972  |  -.2114509   .2477593    -0.85   0.393    -.6970508     .274149
       1973  |  -.2500903    .178762    -1.40   0.162    -.6004577    .1002771
       1974  |   .1595346   .2134769     0.75   0.455    -.2588729    .5779421
       1975  |  -.1830497   .1787528    -1.02   0.306    -.5333991    .1672998
       1976  |   .2480958   .2213891     1.12   0.262    -.1858193    .6820108
       1977  |  -.1910238   .1498872    -1.27   0.203    -.4847977    .1027501
       1978  |     .05871   .1583223     0.37   0.711    -.2515964    .3690163
       1979  |   .1033959   .1434704     0.72   0.471    -.1778012    .3845929
       1980  |    .199231    .133321     1.49   0.135    -.0620736    .4605355
       1981  |   .1969772   .1339535     1.47   0.141     -.065567    .4595215
       1982  |    .079702   .1211708     0.66   0.511    -.1577887    .3171927
       1983  |   .3136083    .123475     2.54   0.011     .0716015     .555615
       1984  |   .2631743   .1184556     2.22   0.026     .0310053    .4953433
       1985  |   .0450463   .1140724     0.39   0.693    -.1785316    .2686242
       1986  |   .1519774   .1127147     1.35   0.178    -.0689396    .3728943
       1987  |    .286413   .1148255     2.49   0.013      .061359     .511467
       1988  |   .1064773   .1092647     0.97   0.330    -.1076777    .3206324
       1989  |   .0866573   .1092665     0.79   0.428    -.1275014    .3008159
       1990  |   .1031371   .1064987     0.97   0.333    -.1055967    .3118709
       1991  |   .1735717   .1076553     1.61   0.107    -.0374291    .3845724
       1992  |   .2608766    .109558     2.38   0.017     .0461467    .4756065
       1993  |   .3476193   .1116046     3.11   0.002      .128878    .5663606
       1994  |   .1692432   .1056588     1.60   0.109    -.0378444    .3763308
       1995  |   .4409887   .1085719     4.06   0.000     .2281913     .653786
       1996  |   .4723224   .1100711     4.29   0.000     .2565868    .6880579
       1997  |   .4801578   .1121915     4.28   0.000     .2602663    .7000494
       1998  |   .3051199   .1119063     2.73   0.006     .0857874    .5244524
       1999  |    .207159   .1151756     1.80   0.072    -.0185813    .4328992
       2000  |   .5643924   .1231004     4.58   0.000     .3231198    .8056649
       2001  |   .4149669   .1330172     3.12   0.002     .1542577    .6756761
       2002  |   .5057846   .1478598     3.42   0.001     .2159844    .7955847
       2003  |   .9049618   .1567504     5.77   0.000     .5977363    1.212187
       2004  |   .4513425   .1794181     2.52   0.012     .0996891     .802996
       2005  |   .6828103   .3069352     2.22   0.026     .0812277    1.284393
       2006  |  -.0430727   .3958065    -0.11   0.913    -.8188401    .7326947
             |
    country2 |  -.4747805   .1504776    -3.16   0.002    -.7697115   -.1798495
    country3 |   1.961889   .2118907     9.26   0.000      1.54659    2.377187
    country4 |  -.8974123    .146413    -6.13   0.000    -1.184377   -.6104479
    country5 |   .3254612   .1641725     1.98   0.047     .0036886    .6472337
    country6 |  -.3785263    .176312    -2.15   0.032    -.7240919   -.0329607
    country7 |   1.032576   .2290228     4.51   0.000     .5836988    1.481453
    country8 |   .0680784   .1883225     0.36   0.718    -.3010274    .4371842
    country9 |    -.16815    .146796    -1.15   0.252    -.4558653    .1195652
   country10 |   1.352366   .3903557     3.46   0.001     .5872816    2.117449
   country11 |   1.237485   .2734242     4.53   0.000     .7015827    1.773387
   country12 |    .573231   .2173285     2.64   0.008     .1472746    .9991875
   country13 |  -.0771416   .2707941    -0.28   0.776    -.6078889    .4536056
   country14 |   .5243382   .1445759     3.63   0.000     .2409744     .807702
   country15 |   1.288893   .1957051     6.59   0.000     .9053172    1.672468
   country16 |   1.246704   .2042545     6.10   0.000     .8463718    1.647036
   country17 |   .1758056   .1901181     0.92   0.355    -.1968195    .5484307
   country18 |  -.5059701   .1581686    -3.20   0.001    -.8159753    -.195965
   country19 |   -.338409   .1406194    -2.41   0.016    -.6140182   -.0627998
   country20 |          0  (omitted)
   country21 |   .0650782   .2752957     0.24   0.813     -.474492    .6046485
   country22 |   .2600405   .1651046     1.58   0.115    -.0635588    .5836399
   country23 |   .3517504   .2847259     1.24   0.217    -.2063028    .9098036
   country24 |  -.2629283   .1745006    -1.51   0.132    -.6049436    .0790871
   country25 |   .9473577   .1620179     5.85   0.000     .6298081    1.264907
   country26 |  -.2440525   .1649254    -1.48   0.139    -.5673007    .0791957
   country27 |   .0002435   .1568486     0.00   0.999    -.3071743    .3076614
   country28 |    .568232   .1907644     2.98   0.003     .1943403    .9421238
   country29 |   .1731701   .2733292     0.63   0.526    -.3625459     .708886
   country30 |  -.4949518   .1606998    -3.08   0.002    -.8099179   -.1799857
   country31 |  -.5738153   .1492234    -3.85   0.000    -.8662882   -.2813425
   country32 |   .0839031   .1901217     0.44   0.659     -.288729    .4565351
   country33 |   .6941108   .2050765     3.38   0.001     .2921679    1.096054
   country34 |          0  (omitted)
   country35 |  -.5668879   .1445833    -3.92   0.000    -.8502662   -.2835096
   country36 |          0  (omitted)
   country37 |  -.1236263   .1622624    -0.76   0.446    -.4416551    .1944025
   country38 |  -.0337961   .2033792    -0.17   0.868    -.4324124    .3648202
   country39 |          0  (omitted)
   country40 |   .7553195   .1694881     4.46   0.000     .4231286     1.08751
   country41 |   1.724047   .2899815     5.95   0.000     1.155693    2.292401
   country42 |  -.2240084   .1849482    -1.21   0.226    -.5865007    .1384839
   country43 |  -.0747305   .1776692    -0.42   0.674    -.4229562    .2734951
   country44 |          0  (omitted)
   country45 |   .2879033   .1615882     1.78   0.075    -.0288041    .6046107
   country46 |   .9943751   .2180361     4.56   0.000     .5670317    1.421719
       _cons |  -6.700393   .4747717   -14.11   0.000    -7.630929   -5.769856
------------------------------------------------------------------------------

. 
end of do-file

. ereturn list

scalars:
                  e(N) =  1109497
               e(df_m) =  120
               e(df_r) =  1109374
                  e(F) =  .
                 e(r2) =  .0094917053480803
               e(rmse) =  13.75502587771196
                e(mss) =  2011346.703243703
                e(rss) =  209894378.2938461
               e(r2_a) =  .0093827772391218
                 e(ll) =  -4482686.722048805
               e(ll_0) =  -4487977.379946378
               e(rank) =  121

macros:
            e(cmdline) : "regress twind100 bord agemay educf_* height bmi aiquin i.yearc country2- c.."
              e(title) : "Linear regression"
          e(marginsok) : "XB default"
                e(vce) : "robust"
             e(depvar) : "twind100"
                e(cmd) : "regress"
         e(properties) : "b V"
            e(predict) : "regres_p"
              e(model) : "ols"
          e(estat_cmd) : "regress_estat"
               e(wexp) : "= sweight"
              e(wtype) : "pweight"
            e(vcetype) : "Robust"

matrices:
                  e(b) :  1 x 129
                  e(V) :  129 x 129
       e(V_modelbased) :  129 x 129

functions:
             e(sample)   

. mat A=e(b)

. sum bord agemay educf_* height bmi aiquin if e(sample)

    Variable |       Obs        Mean    Std. Dev.       Min        Max
-------------+--------------------------------------------------------
        bord |   1109497    3.313241     2.26957          1         18
      agemay |   1109497    25.05545    6.133312          7         49
   educf_1_4 |   1109497    .1680608    .3739205          0          1
   educf_5_6 |   1109497    .1335353    .3401525          0          1
  educf_7_10 |   1109497    .1590108    .3656863          0          1
-------------+--------------------------------------------------------
educf_11plus |   1109497     .098879    .2984997          0          1
      height |   1109497    155.8388    7.082767       84.3      230.5
         bmi |   1109497     23.5681    5.013018      12.01      59.98
      aiquin |   1109497    2.881124    1.394669          1          5

. ereturn list

scalars:
                  e(N) =  1109497
               e(df_m) =  120
               e(df_r) =  1109374
                  e(F) =  .
                 e(r2) =  .0094917053480803
               e(rmse) =  13.75502587771196
                e(mss) =  2011346.703243703
                e(rss) =  209894378.2938461
               e(r2_a) =  .0093827772391218
                 e(ll) =  -4482686.722048805
               e(ll_0) =  -4487977.379946378
               e(rank) =  121

macros:
            e(cmdline) : "regress twind100 bord agemay educf_* height bmi aiquin i.yearc country2- c.."
              e(title) : "Linear regression"
          e(marginsok) : "XB default"
                e(vce) : "robust"
             e(depvar) : "twind100"
                e(cmd) : "regress"
         e(properties) : "b V"
            e(predict) : "regres_p"
              e(model) : "ols"
          e(estat_cmd) : "regress_estat"
               e(wexp) : "= sweight"
              e(wtype) : "pweight"
            e(vcetype) : "Robust"

matrices:
                  e(b) :  1 x 129
                  e(V) :  129 x 129
       e(V_modelbased) :  129 x 129

functions:
             e(sample)   

. return list

scalars:
                  r(N) =  1109497
              r(sum_w) =  1109497
               r(mean) =  2.881123608265728
                r(Var) =  1.945101231608759
                 r(sd) =  1.394668860916009
                r(min) =  1
                r(max) =  5
                r(sum) =  3196598

. sum bord agemay educf_* height bmi aiquin if e(sample)

    Variable |       Obs        Mean    Std. Dev.       Min        Max
-------------+--------------------------------------------------------
        bord |   1109497    3.313241     2.26957          1         18
      agemay |   1109497    25.05545    6.133312          7         49
   educf_1_4 |   1109497    .1680608    .3739205          0          1
   educf_5_6 |   1109497    .1335353    .3401525          0          1
  educf_7_10 |   1109497    .1590108    .3656863          0          1
-------------+--------------------------------------------------------
educf_11plus |   1109497     .098879    .2984997          0          1
      height |   1109497    155.8388    7.082767       84.3      230.5
         bmi |   1109497     23.5681    5.013018      12.01      59.98
      aiquin |   1109497    2.881124    1.394669          1          5

. di 0.0547*2.26957
.12414548

. di 0.0129*2.26957
.02927745

. di -0.0370* 6.133312
-.22693254

. di 0.00417* 6.133312
.02557591

. di 0.0416*7.082767
.29464311

. di 0.00259*7.082767
.01834437

. di 0.0235*5.013018
.11780592

. di 0.00386*5.013018
.01935025

. di 0.0573*1.394669
.07991453

. di 0.0127*1.394669
.0177123

. reg twind100 $twinpredict [pw=sweight] if income_status=="LOWINCOME"
(sum of wgt is   4.5267e+05)
note: country4 omitted because of collinearity
note: country7 omitted because of collinearity
note: country9 omitted because of collinearity
note: country11 omitted because of collinearity
note: country12 omitted because of collinearity
note: country13 omitted because of collinearity
note: country14 omitted because of collinearity
note: country15 omitted because of collinearity
note: country18 omitted because of collinearity
note: country19 omitted because of collinearity
note: country20 omitted because of collinearity
note: country21 omitted because of collinearity
note: country23 omitted because of collinearity
note: country27 omitted because of collinearity
note: country29 omitted because of collinearity
note: country31 omitted because of collinearity
note: country33 omitted because of collinearity
note: country34 omitted because of collinearity
note: country35 omitted because of collinearity
note: country36 omitted because of collinearity
note: country38 omitted because of collinearity
note: country39 omitted because of collinearity
note: country42 omitted because of collinearity
note: country44 omitted because of collinearity
note: country45 omitted because of collinearity
note: country46 omitted because of collinearity

Linear regression                                      Number of obs =  446734
                                                       F(100,446633) =   83.78
                                                       Prob > F      =  0.0000
                                                       R-squared     =  0.0107
                                                       Root MSE      =  14.858

------------------------------------------------------------------------------
             |               Robust
    twind100 |      Coef.   Std. Err.      t    P>|t|     [95% Conf. Interval]
-------------+----------------------------------------------------------------
        bord |   .7011543   .0222769    31.47   0.000     .6574923    .7448163
      agemay |  -.0750217   .0073485   -10.21   0.000    -.0894245   -.0606188
   educf_1_4 |   .0853129   .0763599     1.12   0.264    -.0643501     .234976
   educf_5_6 |   .0799948   .0892324     0.90   0.370     -.094898    .2548877
  educf_7_10 |   .6068273   .0931431     6.52   0.000     .4242697    .7893849
educf_11plus |   .6414926   .1529501     4.19   0.000     .3417151    .9412701
      height |   .0464249   .0041662    11.14   0.000     .0382593    .0545904
         bmi |   .0388604    .007908     4.91   0.000      .023361    .0543598
      aiquin |   .0520274   .0204848     2.54   0.011     .0118778    .0921769
             |
       yearc |
       1928  |   .3893786   .1276331     3.05   0.002     .1392216    .6395355
       1929  |   .3205485   .1448603     2.21   0.027     .0366268    .6044703
       1930  |  -.0292009   .2423342    -0.12   0.904    -.5041686    .4457668
       1931  |   .0562876   .2080863     0.27   0.787    -.3515551    .4641303
       1932  |  -.0892473   .1963802    -0.45   0.649    -.4741464    .2956518
       1933  |   .1678122   .1432217     1.17   0.241     -.112898    .4485224
       1934  |   .1489921   .1433013     1.04   0.298     -.131874    .4298582
       1935  |  -.2268855   .1909088    -1.19   0.235     -.601061    .1472899
       1936  |  -.0773604   .1312556    -0.59   0.556    -.3346174    .1798966
       1937  |  -.1668427   .1173407    -1.42   0.155    -.3968269    .0631414
       1938  |   -.254678   .1208338    -2.11   0.035    -.4915085   -.0178475
       1939  |  -.2413832   .0988146    -2.44   0.015    -.4350569   -.0477096
       1940  |   .8724589   .7903074     1.10   0.270    -.6765194    2.421437
       1941  |   -.314487   .0925102    -3.40   0.001    -.4958042   -.1331699
       1942  |  -.3418383   .0922521    -3.71   0.000    -.5226495    -.161027
       1943  |   .6055907   .6039786     1.00   0.316    -.5781888     1.78937
       1944  |  -.3215481   .1748822    -1.84   0.066    -.6643118    .0212156
       1945  |  -.4754933   .0805669    -5.90   0.000    -.6334019   -.3175847
       1946  |    -.21989   .2793951    -0.79   0.431    -.7674958    .3277159
       1947  |   .0805817   .3629619     0.22   0.824    -.6308125    .7919759
       1948  |   .9125693   .5436445     1.68   0.093    -.1529572    1.978096
       1949  |  -.6242488   .0792198    -7.88   0.000    -.7795172   -.4689805
       1950  |   .7757919   .3830971     2.03   0.043     .0249334     1.52665
       1951  |  -.6143248   .1662702    -3.69   0.000    -.9402093   -.2884403
       1952  |   .8746584   .4249998     2.06   0.040      .041672    1.707645
       1953  |   7.311101   5.444107     1.34   0.179    -3.359181    17.98138
       1959  |  -1.442255   .1292959   -11.15   0.000    -1.695671   -1.188839
       1961  |  -1.241319   .2570996    -4.83   0.000    -1.745226   -.7374115
       1962  |  -1.853283    .182831   -10.14   0.000    -2.211626    -1.49494
       1963  |  -1.357301   .3101138    -4.38   0.000    -1.965115   -.7494877
       1964  |  -1.088677   .1916283    -5.68   0.000    -1.464263   -.7130918
       1965  |  -1.516907   .1822061    -8.33   0.000    -1.874025   -1.159788
       1966  |  -1.369503   .1632879    -8.39   0.000    -1.689542   -1.049464
       1967  |  -1.335915   .1560052    -8.56   0.000     -1.64168    -1.03015
       1968  |  -1.430293   .1439058    -9.94   0.000    -1.712344   -1.148242
       1969  |  -1.361383   .1464299    -9.30   0.000    -1.648381   -1.074385
       1970  |   -1.20225   .2412972    -4.98   0.000    -1.675185   -.7293148
       1971  |    .155827   .7375221     0.21   0.833    -1.289694    1.601348
       1972  |   -.326679   .4862206    -0.67   0.502    -1.279656    .6262984
       1973  |  -.6950432   .3775157    -1.84   0.066    -1.434962     .044876
       1974  |   .3291948   .5114676     0.64   0.520    -.6732659    1.331655
       1975  |  -.6513979    .285082    -2.28   0.022     -1.21015   -.0926459
       1976  |   1.080637   .6492132     1.66   0.096    -.1918009    2.353075
       1977  |   .0577556   .3124987     0.18   0.853    -.5547323    .6702434
       1978  |  -.3820842   .2392675    -1.60   0.110     -.851041    .0868727
       1979  |   .3771147   .2568193     1.47   0.142    -.1262432    .8804726
       1980  |    .212402   .2313698     0.92   0.359    -.2410757    .6658798
       1981  |   .1207124    .218428     0.55   0.581    -.3073998    .5488246
       1982  |  -.0725852   .1846468    -0.39   0.694    -.4344873    .2893169
       1983  |   .0582014   .1834794     0.32   0.751    -.3014125    .4178153
       1984  |   .0377001   .1734488     0.22   0.828    -.3022542    .3776544
       1985  |  -.0025487    .166208    -0.02   0.988    -.3283113    .3232139
       1986  |   .0943456   .1637649     0.58   0.565    -.2266286    .4153199
       1987  |   .0632891   .1567888     0.40   0.686    -.2440122    .3705904
       1988  |   .0619074   .1533012     0.40   0.686    -.2385583     .362373
       1989  |  -.2016039   .1441994    -1.40   0.162    -.4842303    .0810225
       1990  |    .084453   .1471554     0.57   0.566     -.203967    .3728731
       1991  |  -.0319736   .1436052    -0.22   0.824    -.3134355    .2494883
       1992  |    .077533   .1460258     0.53   0.595    -.2086731     .363739
       1993  |   .3307159   .1628422     2.03   0.042     .0115501    .6498817
       1994  |   .0013946   .1396939     0.01   0.992     -.272401    .2751903
       1995  |   .3527965   .1445447     2.44   0.015     .0694934    .6360997
       1996  |   .4327244   .1487949     2.91   0.004      .141091    .7243578
       1997  |   .4799957   .1532871     3.13   0.002     .1795576    .7804338
       1998  |   .1115256   .1538233     0.73   0.468    -.1899633    .4130144
       1999  |   .0529679   .1502347     0.35   0.724    -.2414875    .3474234
       2000  |   .3880908   .1589031     2.44   0.015     .0766455    .6995361
       2001  |    .365269   .1864333     1.96   0.050    -.0001344    .7306725
       2002  |   -.032067   .1900676    -0.17   0.866    -.4045936    .3404597
       2003  |   .8123416   .2214422     3.67   0.000     .3783217    1.246362
       2004  |  -.0854116   .2537001    -0.34   0.736     -.582656    .4118328
       2005  |  -1.190212   .4430295    -2.69   0.007    -2.058537    -.321888
             |
    country2 |  -1.396427   .1931352    -7.23   0.000    -1.774966   -1.017888
    country3 |   .9598735   .2430098     3.95   0.000     .4835816    1.436165
    country4 |          0  (omitted)
    country5 |  -.6670634   .2032383    -3.28   0.001    -1.065404   -.2687226
    country6 |  -1.254888   .2132898    -5.88   0.000     -1.67293   -.8368465
    country7 |          0  (omitted)
    country8 |  -.9687872   .2229571    -4.35   0.000    -1.405776   -.5317981
    country9 |          0  (omitted)
   country10 |   .3461401   .4081765     0.85   0.396    -.4538733    1.146153
   country11 |          0  (omitted)
   country12 |          0  (omitted)
   country13 |          0  (omitted)
   country14 |          0  (omitted)
   country15 |          0  (omitted)
   country16 |   .2916498   .2366089     1.23   0.218    -.1720964     .755396
   country17 |  -.7801329   .2226454    -3.50   0.000    -1.216511   -.3437546
   country18 |          0  (omitted)
   country19 |          0  (omitted)
   country20 |          0  (omitted)
   country21 |          0  (omitted)
   country22 |  -.7545229   .1998674    -3.78   0.000    -1.146257   -.3627889
   country23 |          0  (omitted)
   country24 |  -1.210411   .2100208    -5.76   0.000    -1.622046   -.7987771
   country25 |  -.0274827   .2002919    -0.14   0.891    -.4200486    .3650832
   country26 |  -1.331147   .2032493    -6.55   0.000     -1.72951    -.932785
   country27 |          0  (omitted)
   country28 |  -.4026853    .226089    -1.78   0.075    -.8458128    .0404421
   country29 |          0  (omitted)
   country30 |   -1.38858   .2020063    -6.87   0.000    -1.784506   -.9926535
   country31 |          0  (omitted)
   country32 |  -1.019447   .2242374    -4.55   0.000    -1.458945   -.5799483
   country33 |          0  (omitted)
   country34 |          0  (omitted)
   country35 |          0  (omitted)
   country36 |          0  (omitted)
   country37 |  -.9918997   .2000925    -4.96   0.000    -1.384075   -.5997245
   country38 |          0  (omitted)
   country39 |          0  (omitted)
   country40 |  -.2677474   .2058249    -1.30   0.193    -.6711579    .1356631
   country41 |   .7497407   .3133624     2.39   0.017     .1355601    1.363921
   country42 |          0  (omitted)
   country43 |   -1.12953   .2115527    -5.34   0.000    -1.544167    -.714893
   country44 |          0  (omitted)
   country45 |          0  (omitted)
   country46 |          0  (omitted)
       _cons |  -6.257791    .759918    -8.23   0.000    -7.747207   -4.768376
------------------------------------------------------------------------------

. sum bord fert agemay educf_* height bmi aiquin if e(sample)

    Variable |       Obs        Mean    Std. Dev.       Min        Max
-------------+--------------------------------------------------------
        bord |    446734    3.614164     2.36721          1         18
        fert |    446734    5.325637     2.69365          1         18
      agemay |    446734    25.40069    6.425983          7         49
   educf_1_4 |    446734    .1750841    .3800394          0          1
   educf_5_6 |    446734    .0989649    .2986153          0          1
-------------+--------------------------------------------------------
  educf_7_10 |    446734     .143788    .3508751          0          1
educf_11plus |    446734    .0335726    .1801264          0          1
      height |    446734    157.4624    7.049383       89.2      199.8
         bmi |    446734    21.79201    3.601121      12.02      59.98
      aiquin |    446734    2.886875    1.379419          1          5

. di 0.701*2.36721
1.6594142

. di 0.0223*2.36721
.05278878

. di -0.0750*6.425983
-.48194872

. di 0.007350*6.425983
.04723098

. di 0.0464*7.049383
.32709137

. di 0.00417*7.049383
.02939593

. di 0.0389*3.601121
.14008361

. di 0.00791*3.601121
.02848487

. di 0.0520*1.379419
.07172979

. di 0.0205*1.379419
.02827809

. reg twind100 $twinpredict [pw=sweight] if income_status=="LOWERMIDDLE"
(sum of wgt is   5.1016e+05)
note: country2 omitted because of collinearity
note: country3 omitted because of collinearity
note: country5 omitted because of collinearity
note: country6 omitted because of collinearity
note: country8 omitted because of collinearity
note: country9 omitted because of collinearity
note: country10 omitted because of collinearity
note: country13 omitted because of collinearity
note: country16 omitted because of collinearity
note: country17 omitted because of collinearity
note: country20 omitted because of collinearity
note: country21 omitted because of collinearity
note: country22 omitted because of collinearity
note: country24 omitted because of collinearity
note: country25 omitted because of collinearity
note: country26 omitted because of collinearity
note: country28 omitted because of collinearity
note: country29 omitted because of collinearity
note: country30 omitted because of collinearity
note: country32 omitted because of collinearity
note: country34 omitted because of collinearity
note: country35 omitted because of collinearity
note: country36 omitted because of collinearity
note: country37 omitted because of collinearity
note: country39 omitted because of collinearity
note: country40 omitted because of collinearity
note: country41 omitted because of collinearity
note: country42 omitted because of collinearity
note: country43 omitted because of collinearity
note: country44 omitted because of collinearity
note: country46 omitted because of collinearity

Linear regression                                      Number of obs =  522194
                                                       F( 68,522125) =   56.94
                                                       Prob > F      =  0.0000
                                                       R-squared     =  0.0087
                                                       Root MSE      =  13.278

------------------------------------------------------------------------------
             |               Robust
    twind100 |      Coef.   Std. Err.      t    P>|t|     [95% Conf. Interval]
-------------+----------------------------------------------------------------
        bord |    .464574   .0176055    26.39   0.000     .4300678    .4990802
      agemay |  -.0234505   .0057665    -4.07   0.000    -.0347525   -.0121484
   educf_1_4 |   .0548096   .0649385     0.84   0.399    -.0724678    .1820871
   educf_5_6 |   .2909961   .0735445     3.96   0.000     .1468511     .435141
  educf_7_10 |   .3844556   .0722435     5.32   0.000     .2428605    .5260507
educf_11plus |   .7389925    .090121     8.20   0.000     .5623581    .9156269
      height |   .0394771   .0037421    10.55   0.000     .0321426    .0468116
         bmi |   .0224716   .0051209     4.39   0.000     .0124349    .0325084
      aiquin |   .0515092   .0184479     2.79   0.005      .015352    .0876664
             |
       yearc |
       1962  |  -.1166959   .4484727    -0.26   0.795    -.9956882    .7622965
       1963  |   .1108584    .441389     0.25   0.802    -.7542502     .975967
       1964  |   .1143139   .4050448     0.28   0.778    -.6795613     .908189
       1965  |   .1463287   .4073409     0.36   0.719    -.6520466     .944704
       1966  |   .3085305   .3991962     0.77   0.440    -.4738816    1.090943
       1967  |   .1188038   .4006472     0.30   0.767     -.666452    .9040596
       1968  |   1.533982   .6324266     2.43   0.015     .2944454    2.773518
       1969  |  -.0042216   .3974501    -0.01   0.992    -.7832112    .7747681
       1970  |   1.552215   .6872503     2.26   0.024     .2052256    2.899204
       1971  |   .8506652   .5281845     1.61   0.107    -.1845597     1.88589
       1972  |   .7632264   .4958972     1.54   0.124    -.2087166    1.735169
       1973  |   .7445908   .4397163     1.69   0.090    -.1172392    1.606421
       1974  |    .814951   .4407591     1.85   0.064     -.048923    1.678825
       1975  |    .723257   .4352783     1.66   0.097    -.1298747    1.576389
       1976  |   .8588625   .4298479     2.00   0.046     .0163742    1.701351
       1977  |    .572556   .4199368     1.36   0.173    -.2505068    1.395619
       1978  |    1.06771   .4341603     2.46   0.014     .2167698    1.918651
       1979  |   .8059984   .4212371     1.91   0.056    -.0196131     1.63161
       1980  |   .9642941   .4132803     2.33   0.020     .1542776     1.77431
       1981  |   1.114135    .417585     2.67   0.008      .295681    1.932588
       1982  |   1.012755   .4112984     2.46   0.014     .2066229    1.818887
       1983  |   1.265094   .4122641     3.07   0.002     .4570694    2.073119
       1984  |   1.302696   .4124129     3.16   0.002     .4943794    2.111012
       1985  |   .8752073   .4078725     2.15   0.032     .0757901    1.674625
       1986  |   .9434025   .4055946     2.33   0.020     .1484499    1.738355
       1987  |   1.207506   .4097228     2.95   0.003     .4044625     2.01055
       1988  |    .964555   .4055028     2.38   0.017     .1697823    1.759328
       1989  |   .9911218    .408079     2.43   0.015     .1912998    1.790944
       1990  |   .7848305   .4039518     1.94   0.052    -.0069022    1.576563
       1991  |   1.187506   .4061343     2.92   0.003     .3914959    1.983517
       1992  |     1.1951   .4092918     2.92   0.004     .3929009    1.997299
       1993  |   1.195457   .4068121     2.94   0.003     .3981184    1.992796
       1994  |   1.173303   .4067832     2.88   0.004     .3760208    1.970585
       1995  |   1.278142   .4078496     3.13   0.002     .4787691    2.077514
       1996  |   1.262895   .4084545     3.09   0.002     .4623376    2.063453
       1997  |   1.324583   .4083519     3.24   0.001     .5242263     2.12494
       1998  |   1.256389   .4086628     3.07   0.002     .4554224    2.057355
       1999  |   1.168497   .4161409     2.81   0.005      .352874     1.98412
       2000  |   1.616132   .4238812     3.81   0.000     .7853379    2.446926
       2001  |   1.381907   .4235396     3.26   0.001     .5517827    2.212031
       2002  |   1.870397    .440554     4.25   0.000     1.006925    2.733869
       2003  |   1.761495   .4381186     4.02   0.000     .9027967    2.620194
       2004  |   1.684494   .4614009     3.65   0.000     .7801625    2.588825
       2005  |   1.655873   .4993157     3.32   0.001     .6772303    2.634517
       2006  |   .8728771    .553884     1.58   0.115    -.2127181    1.958472
             |
    country2 |          0  (omitted)
    country3 |          0  (omitted)
    country4 |  -.8923512   .1506546    -5.92   0.000    -1.187629   -.5970729
    country5 |          0  (omitted)
    country6 |          0  (omitted)
    country7 |   1.059763    .231492     4.58   0.000     .6060461     1.51348
    country8 |          0  (omitted)
    country9 |          0  (omitted)
   country10 |          0  (omitted)
   country11 |   1.192485    .275326     4.33   0.000     .6528552    1.732116
   country12 |   .6264187   .2206206     2.84   0.005     .1940094    1.058828
   country13 |          0  (omitted)
   country14 |   .5390161   .1472025     3.66   0.000     .2505038    .8275283
   country15 |   1.297258   .1983813     6.54   0.000     .9084367    1.686079
   country16 |          0  (omitted)
   country17 |          0  (omitted)
   country18 |  -.5559453   .1645928    -3.38   0.001    -.8785421   -.2333486
   country19 |  -.3293929    .146058    -2.26   0.024    -.6156619   -.0431239
   country20 |          0  (omitted)
   country21 |          0  (omitted)
   country22 |          0  (omitted)
   country23 |   .3170305   .2861194     1.11   0.268    -.2437546    .8778156
   country24 |          0  (omitted)
   country25 |          0  (omitted)
   country26 |          0  (omitted)
   country27 |   .0036538   .1608424     0.02   0.982    -.3115922    .3188997
   country28 |          0  (omitted)
   country29 |          0  (omitted)
   country30 |          0  (omitted)
   country31 |  -.5199725   .1524212    -3.41   0.001    -.8187133   -.2212317
   country32 |          0  (omitted)
   country33 |   .7192432   .2075633     3.47   0.001     .3124256    1.126061
   country34 |          0  (omitted)
   country35 |          0  (omitted)
   country36 |          0  (omitted)
   country37 |          0  (omitted)
   country38 |   .0095769   .2079455     0.05   0.963    -.3979898    .4171436
   country39 |          0  (omitted)
   country40 |          0  (omitted)
   country41 |          0  (omitted)
   country42 |          0  (omitted)
   country43 |          0  (omitted)
   country44 |          0  (omitted)
   country45 |   .3761065   .1642177     2.29   0.022     .0542449    .6979681
   country46 |          0  (omitted)
       _cons |  -7.299522   .7301009   -10.00   0.000    -8.730496   -5.868547
------------------------------------------------------------------------------

. sum bord agemay educf_* height bmi aiquin if e(sample)

    Variable |       Obs        Mean    Std. Dev.       Min        Max
-------------+--------------------------------------------------------
        bord |    522194    3.184912    2.196797          1         17
      agemay |    522194    24.75469    5.894611         10         49
   educf_1_4 |    522194    .1501683    .3572367          0          1
   educf_5_6 |    522194    .1330119    .3395879          0          1
  educf_7_10 |    522194    .1608598    .3674019          0          1
-------------+--------------------------------------------------------
educf_11plus |    522194    .1212423     .326409          0          1
      height |    522194    155.1858    6.928674       84.3      230.5
         bmi |    522194    24.52201    5.655918      12.02      59.93
      aiquin |    522194    2.891885     1.40794          1          5

. sum bord agemay height bmi aiquin if e(sample)

    Variable |       Obs        Mean    Std. Dev.       Min        Max
-------------+--------------------------------------------------------
        bord |    522194    3.184912    2.196797          1         17
      agemay |    522194    24.75469    5.894611         10         49
      height |    522194    155.1858    6.928674       84.3      230.5
         bmi |    522194    24.52201    5.655918      12.02      59.93
      aiquin |    522194    2.891885     1.40794          1          5

. di 0.465*2.196797
1.0215106

. di 0.0223*2.196797
.04898857

. di -0.0235*5.894611
-.13852336

. di 0.00577*5.894611
.03401191

. di 0.0395*6.928674
.27368262

. di 0.00374*6.928674
.02591324

. di 0.0225*5.655918
.12725815

. di 0.00512*5.655918
.0289583

. di 0.0515*1.40794
.07250891

. di 0.0184*1.40794
.0259061

. di 0.0176*2.196797
.03866363

. reg twind100 $twinpredict [pw=sweight] if income_status=="UPPERMIDDLE"
(sum of wgt is   1.3342e+05)
note: country2 omitted because of collinearity
note: country3 omitted because of collinearity
note: country4 omitted because of collinearity
note: country5 omitted because of collinearity
note: country6 omitted because of collinearity
note: country7 omitted because of collinearity
note: country8 omitted because of collinearity
note: country10 omitted because of collinearity
note: country11 omitted because of collinearity
note: country12 omitted because of collinearity
note: country14 omitted because of collinearity
note: country15 omitted because of collinearity
note: country16 omitted because of collinearity
note: country17 omitted because of collinearity
note: country18 omitted because of collinearity
note: country19 omitted because of collinearity
note: country20 omitted because of collinearity
note: country22 omitted because of collinearity
note: country23 omitted because of collinearity
note: country24 omitted because of collinearity
note: country25 omitted because of collinearity
note: country26 omitted because of collinearity
note: country27 omitted because of collinearity
note: country28 omitted because of collinearity
note: country30 omitted because of collinearity
note: country31 omitted because of collinearity
note: country32 omitted because of collinearity
note: country33 omitted because of collinearity
note: country34 omitted because of collinearity
note: country36 omitted because of collinearity
note: country37 omitted because of collinearity
note: country38 omitted because of collinearity
note: country39 omitted because of collinearity
note: country40 omitted because of collinearity
note: country41 omitted because of collinearity
note: country42 omitted because of collinearity
note: country43 omitted because of collinearity
note: country44 omitted because of collinearity
note: country45 omitted because of collinearity
note: country46 omitted because of collinearity

Linear regression                                      Number of obs =  140569
                                                       F( 57,140510) =       .
                                                       Prob > F      =       .
                                                       R-squared     =  0.0049
                                                       Root MSE      =  11.447

------------------------------------------------------------------------------
             |               Robust
    twind100 |      Coef.   Std. Err.      t    P>|t|     [95% Conf. Interval]
-------------+----------------------------------------------------------------
        bord |   .3433094   .0336695    10.20   0.000     .2773179     .409301
      agemay |    .006934   .0100846     0.69   0.492    -.0128316    .0266996
   educf_1_4 |   .1879186   .1356737     1.39   0.166    -.0779992    .4538364
   educf_5_6 |   .3652875   .1367243     2.67   0.008     .0973105    .6332646
  educf_7_10 |   .4263113   .1508695     2.83   0.005       .13061    .7220126
educf_11plus |   .8902757   .1709904     5.21   0.000     .5551378    1.225414
      height |   .0273904   .0068358     4.01   0.000     .0139924    .0407883
         bmi |   .0082682   .0082023     1.01   0.313    -.0078081    .0243445
      aiquin |   .0470526   .0309584     1.52   0.129    -.0136252    .1077305
             |
       yearc |
       1962  |   .0076464   .3113612     0.02   0.980    -.6026155    .6179083
       1963  |   .1728769   .2067243     0.84   0.403    -.2322988    .5780526
       1964  |  -.0249863   .2107312    -0.12   0.906    -.4380153    .3880427
       1965  |   .1529017   .2931757     0.52   0.602    -.4217171    .7275205
       1966  |   5.654882   5.320853     1.06   0.288    -4.773889    16.08365
       1967  |   2.398436   2.381616     1.01   0.314    -2.269485    7.066357
       1968  |    -.21136   .2792038    -0.76   0.449    -.7585942    .3358742
       1969  |   .1541941   .2663172     0.58   0.563    -.3677825    .6761708
       1970  |   .0734834   .2622501     0.28   0.779    -.4405218    .5874887
       1971  |   .0618779   .2625437     0.24   0.814    -.4527028    .5764586
       1972  |  -.0026438    .270979    -0.01   0.992    -.5337575    .5284698
       1973  |   .5053556   .3448994     1.47   0.143    -.1706407    1.181352
       1974  |   1.653334   .7648805     2.16   0.031     .1541829    3.152485
       1975  |   1.286743   .6899127     1.87   0.062     -.065473    2.638959
       1976  |   .3443279   .3103442     1.11   0.267    -.2639408    .9525966
       1977  |   .5286073   .3798181     1.39   0.164     -.215829    1.273044
       1978  |   1.071897   .4642345     2.31   0.021     .1620061    1.981788
       1979  |    .951729   .3961597     2.40   0.016     .1752637    1.728194
       1980  |   1.391706   .4215026     3.30   0.001     .5655688    2.217843
       1981  |   .9099606   .3601137     2.53   0.012     .2041447    1.615777
       1982  |   .9145285   .3404241     2.69   0.007     .2473038    1.581753
       1983  |   1.345477   .3769206     3.57   0.000     .6067196    2.084234
       1984  |   .8331719   .3232254     2.58   0.010     .1996563    1.466688
       1985  |   1.008674   .3336061     3.02   0.002     .3548127    1.662536
       1986  |   1.299659   .3561612     3.65   0.000     .6015898    1.997728
       1987  |   1.401488   .3494262     4.01   0.000     .7166196    2.086357
       1988  |   .9131433   .3319799     2.75   0.006      .262469    1.563818
       1989  |   1.447195   .3308262     4.37   0.000     .7987818    2.095608
       1990  |    1.41557    .321047     4.41   0.000     .7863239    2.044816
       1991  |   .9006403   .3166529     2.84   0.004     .2800067    1.521274
       1992  |   1.178265   .3167911     3.72   0.000     .5573608     1.79917
       1993  |   1.023661   .3226748     3.17   0.002      .391225    1.656098
       1994  |    .816047   .3159279     2.58   0.010     .1968344     1.43526
       1995  |   1.346695   .3405287     3.95   0.000      .679265    2.014124
       1996  |   1.347419   .3391652     3.97   0.000     .6826614    2.012176
       1997  |   .9223584   .3360884     2.74   0.006     .2636314    1.581085
       1998  |   1.165309   .3443429     3.38   0.001     .4904038    1.840215
       1999  |   .9923807   .3550469     2.80   0.005     .2964956    1.688266
       2000  |   1.185208   .3884235     3.05   0.002     .4239053    1.946511
       2001  |   .5824637   .3654313     1.59   0.111    -.1337746    1.298702
       2002  |   1.345424   .4461885     3.02   0.003     .4709029    2.219945
       2003  |   1.851037   .5067492     3.65   0.000     .8578183    2.844256
       2004  |   1.519957   .5296703     2.87   0.004     .4818132    2.558101
       2005  |   3.948298   1.926891     2.05   0.040      .171628    7.724967
             |
    country2 |          0  (omitted)
    country3 |          0  (omitted)
    country4 |          0  (omitted)
    country5 |          0  (omitted)
    country6 |          0  (omitted)
    country7 |          0  (omitted)
    country8 |          0  (omitted)
    country9 |  -.0184522   .1495514    -0.12   0.902      -.31157    .2746657
   country10 |          0  (omitted)
   country11 |          0  (omitted)
   country12 |          0  (omitted)
   country13 |  -.0083034   .2790002    -0.03   0.976    -.5551385    .5385318
   country14 |          0  (omitted)
   country15 |          0  (omitted)
   country16 |          0  (omitted)
   country17 |          0  (omitted)
   country18 |          0  (omitted)
   country19 |          0  (omitted)
   country20 |          0  (omitted)
   country21 |   .2514817   .2920525     0.86   0.389    -.3209355     .823899
   country22 |          0  (omitted)
   country23 |          0  (omitted)
   country24 |          0  (omitted)
   country25 |          0  (omitted)
   country26 |          0  (omitted)
   country27 |          0  (omitted)
   country28 |          0  (omitted)
   country29 |    .409433   .2796874     1.46   0.143    -.1387489     .957615
   country30 |          0  (omitted)
   country31 |          0  (omitted)
   country32 |          0  (omitted)
   country33 |          0  (omitted)
   country34 |          0  (omitted)
   country35 |  -.4095255   .1449862    -2.82   0.005    -.6936957   -.1253553
   country36 |          0  (omitted)
   country37 |          0  (omitted)
   country38 |          0  (omitted)
   country39 |          0  (omitted)
   country40 |          0  (omitted)
   country41 |          0  (omitted)
   country42 |          0  (omitted)
   country43 |          0  (omitted)
   country44 |          0  (omitted)
   country45 |          0  (omitted)
   country46 |          0  (omitted)
       _cons |   -5.74427   1.144552    -5.02   0.000     -7.98757   -3.500969
------------------------------------------------------------------------------

. sum bord agemay height bmi aiquin if e(sample)

    Variable |       Obs        Mean    Std. Dev.       Min        Max
-------------+--------------------------------------------------------
        bord |    140569    2.833619    2.083416          1         18
      agemay |    140569     25.0755    5.990563         10         48
      height |    140569    153.1045    6.499864       96.8      198.2
         bmi |    140569    25.66895    4.525863      12.01      59.87
      aiquin |    140569     2.82287    1.391931          1          5

. di 0.343*2.083416
.71461169

. di 0.0337*2.083416
.07021112

. di 0.00693*5.990563
.0415146

. di 0.0101*5.990563
.06050469

. di 0.0274*6.499864
.17809627

. di 0.00684*6.499864
.04445907

. di 0.00827*4.525863
.03742889

. di 0.0082*4.525863
.03711208

. di 0.0471*1.391931
.06555995

. di 0.0310*1.391931
.04314986

. cd
\\manor-road.ox.ac.uk\store\Student\Economics\Data\Damian.Clarke

. ls
  <dir>   5/31/12 11:38  .                 
  <dir>   5/31/12 11:38  ..                
  <dir>   5/20/12 12:30  $RECYCLE.BIN      
   0.7k   3/02/12 10:43  .active.document  
  16.9M   3/02/12 11:42  .RData            
   2.3k   3/02/12 11:42  .Rhistory         
   2.7k  10/21/11 21:32  A.txt             
  10.6M   5/21/12 19:00  aaa.dta           
  19.2k   4/28/12 16:53  aaaa.txt          
  <dir>   4/10/12 17:24  Applications      
  <dir>   4/05/12 22:55  Armenia           
  <dir>   5/17/12 13:23  Autorecover       
   0.9k   4/08/12 23:50  BibDB.txt         
   0.6k   5/24/12 22:36  desktop.ini       
  <dir>   4/23/12 11:27  Downloads         
  <dir>   4/08/12 19:29  Education         
  <dir>   6/01/12  1:17  ExamNotes         
  <dir>   5/31/12 20:08  ExtendedEssay     
  <dir>   2/28/12 15:13  Hilary            
  <dir>  11/04/11 13:57  Macro             
  <dir>   5/21/12 18:22  MATLAB            
  <dir>  10/29/11 17:25  Micro             
  <dir>   5/24/12 22:36  My Music          
  <dir>   5/24/12 22:36  My Pictures       
  <dir>   5/24/12 22:36  My Videos         
  <dir>   5/17/12 13:23  Outlook           
2513.5k   3/31/12 16:27  political_outcome.dta
  <dir>   4/23/12  9:33  QM                
 487.6k   5/31/12 11:37  QQAreTwinBirthsExog_DamianCClarke.pdf
  <dir>   2/24/12 23:34  R                 
  <dir>   3/31/12 18:19  RA                
  <dir>  10/21/11 15:52  RECYCLER          
  <dir>   5/05/12 21:43  Software          
1813.7k   4/05/12  0:27  StataJournal_v12_1.pdf
  12.8M   3/31/12 17:35  sulfadata.dta     
 171.5k   2/24/12 23:34  Thumbs.db         
  <dir>   5/27/12 20:44  Various           
  <dir>   3/20/12 17:29  WINDOWS           

. cd ExtendedEssay
\\manor-road.ox.ac.uk\store\Student\Economics\Data\Damian.Clarke\ExtendedEssay

. ls
  <dir>   5/31/12 20:08  .                 
  <dir>   5/31/12 20:08  ..                
   3.7k   3/19/12 13:18  BiBBase.txt       
 174.8k   2/01/12 15:38  BlundellChiapporiMeghir_CollectiveLabourSupplyChildren.pdf
 115.9k   2/24/12 10:22  DamianCClarke_ThesisProposal (1).pdf
  <dir>   5/15/12  1:59  DHS               
  <dir>   5/24/12  1:59  Docs              
6618.6k   5/26/12 15:52  Docs.zip          
  <dir>   5/31/12 20:08  Thesis            
  <dir>   5/11/12  0:33  Twins             
  44.8M   5/26/12 15:43  Twins.zip         
  <dir>   2/10/12 12:55  YL                

. cd DHS
\\manor-road.ox.ac.uk\store\Student\Economics\Data\Damian.Clarke\ExtendedEssay\DHS

. ls
  <dir>   5/15/12  1:59  .                 
  <dir>   5/15/12  1:59  ..                
  13.1k   4/02/12 18:17  codebook_educ.txt 
  <dir>   3/01/12 12:37  DataManuals       
   4.8k   4/02/12 14:56  DHSyears.dta      
   7.2k   5/15/12  1:40  DHSyears_childdata.dta
   8.1k   4/02/12 14:51  DHSyears_educ.dta 
   5.5k   4/02/12 15:22  DHSyears_educ2.dta
   7.8k   5/15/12  1:41  DHSyears_educdata.dta
1067.5M   5/11/12  1:53  DHS_Base.dta      
1012.7M   9/12/11  8:17  dhs_educBASE.dta  
  74.4M   5/15/12  1:55  dhs_educBASE.zip  
 832.2M   5/15/12  1:44  dhs_educBASEavail.dta
4605.9M   5/15/12  1:53  DHS_MergedBase.dta
 282.2M   5/15/12  2:01  DHS_MergedBase.zip
   0.6k   4/02/12 21:51  ManagingDHSdata.txt
   8.7k   5/15/12  1:41  MatchedSurveys.dta
  15.1k   4/02/12 16:08  mergedetails.dta  
 416.6M   4/02/12 13:20  working_data.dta  
2248.3M   2/28/12 15:30  world_child.dta   
 240.9M   5/15/12  1:57  world_child.zip   
2523.1M   3/07/12 12:04  world_child3.dta  
1853.1M   5/15/12  1:49  world_childavail.dta
 224.9M   3/01/12 12:38  world_childsmall.dta

. use DHS_MergedBase.dta
no; data in memory would be lost
r(4);

. use DHS_MergedBase.dta, clear

. saveold DHS_MergedBase, replace
file DHS_MergedBase.dta saved

. br

